
===========================================================================
 report_power
============================================================================
======================= Fastest Corner ===================================

Group                  Internal  Switching    Leakage      Total
                          Power      Power      Power      Power (Watts)
----------------------------------------------------------------
Sequential             0.00e+00   0.00e+00   0.00e+00   0.00e+00   0.0%
Combinational          4.68e-06   1.14e-05   1.52e-10   1.60e-05 100.0%
Clock                  0.00e+00   0.00e+00   1.54e-10   1.54e-10   0.0%
Macro                  0.00e+00   0.00e+00   0.00e+00   0.00e+00   0.0%
Pad                    0.00e+00   0.00e+00   0.00e+00   0.00e+00   0.0%
----------------------------------------------------------------
Total                  4.68e-06   1.14e-05   3.06e-10   1.60e-05 100.0%
                          29.2%      70.8%       0.0%

======================= Slowest Corner ===================================

Group                  Internal  Switching    Leakage      Total
                          Power      Power      Power      Power (Watts)
----------------------------------------------------------------
Sequential             0.00e+00   0.00e+00   0.00e+00   0.00e+00   0.0%
Combinational          3.49e-06   7.58e-06   1.58e-07   1.12e-05 100.0%
Clock                  0.00e+00   0.00e+00   1.54e-10   1.54e-10   0.0%
Macro                  0.00e+00   0.00e+00   0.00e+00   0.00e+00   0.0%
Pad                    0.00e+00   0.00e+00   0.00e+00   0.00e+00   0.0%
----------------------------------------------------------------
Total                  3.49e-06   7.58e-06   1.58e-07   1.12e-05 100.0%
                          31.1%      67.5%       1.4%

======================= Typical Corner ===================================

Group                  Internal  Switching    Leakage      Total
                          Power      Power      Power      Power (Watts)
----------------------------------------------------------------
Sequential             0.00e+00   0.00e+00   0.00e+00   0.00e+00   0.0%
Combinational          4.22e-06   9.63e-06   9.28e-11   1.39e-05 100.0%
Clock                  0.00e+00   0.00e+00   1.54e-10   1.54e-10   0.0%
Macro                  0.00e+00   0.00e+00   0.00e+00   0.00e+00   0.0%
Pad                    0.00e+00   0.00e+00   0.00e+00   0.00e+00   0.0%
----------------------------------------------------------------
Total                  4.22e-06   9.63e-06   2.47e-10   1.39e-05 100.0%
                          30.5%      69.5%       0.0%

