
===========================================================================
 report_power
============================================================================
======================= Fastest Corner ===================================

Group                  Internal  Switching    Leakage      Total
                          Power      Power      Power      Power (Watts)
----------------------------------------------------------------
Sequential             0.00e+00   0.00e+00   0.00e+00   0.00e+00   0.0%
Combinational          3.23e-05   6.49e-05   1.01e-09   9.71e-05 100.0%
Clock                 -3.70e-11   0.00e+00   2.43e-10   2.06e-10   0.0%
Macro                  0.00e+00   0.00e+00   0.00e+00   0.00e+00   0.0%
Pad                    0.00e+00   0.00e+00   0.00e+00   0.00e+00   0.0%
----------------------------------------------------------------
Total                  3.23e-05   6.49e-05   1.26e-09   9.71e-05 100.0%
                          33.2%      66.8%       0.0%

======================= Slowest Corner ===================================

Group                  Internal  Switching    Leakage      Total
                          Power      Power      Power      Power (Watts)
----------------------------------------------------------------
Sequential             0.00e+00   0.00e+00   0.00e+00   0.00e+00   0.0%
Combinational          2.43e-05   4.34e-05   5.96e-07   6.83e-05 100.0%
Clock                 -1.79e-11   0.00e+00   2.44e-10   2.26e-10   0.0%
Macro                  0.00e+00   0.00e+00   0.00e+00   0.00e+00   0.0%
Pad                    0.00e+00   0.00e+00   0.00e+00   0.00e+00   0.0%
----------------------------------------------------------------
Total                  2.43e-05   4.34e-05   5.96e-07   6.83e-05 100.0%
                          35.6%      63.5%       0.9%

======================= Typical Corner ===================================

Group                  Internal  Switching    Leakage      Total
                          Power      Power      Power      Power (Watts)
----------------------------------------------------------------
Sequential             0.00e+00   0.00e+00   0.00e+00   0.00e+00   0.0%
Combinational          2.95e-05   5.51e-05   4.58e-10   8.46e-05 100.0%
Clock                  2.50e-11   0.00e+00   2.43e-10   2.68e-10   0.0%
Macro                  0.00e+00   0.00e+00   0.00e+00   0.00e+00   0.0%
Pad                    0.00e+00   0.00e+00   0.00e+00   0.00e+00   0.0%
----------------------------------------------------------------
Total                  2.95e-05   5.51e-05   7.01e-10   8.46e-05 100.0%
                          34.9%      65.1%       0.0%

