
===========================================================================
report_checks -unconstrained
===========================================================================
======================= Fastest Corner ===================================

Startpoint: reset (input port clocked by clk)
Endpoint: _330_ (recovery check against rising-edge clock clk)
Path Group: asynchronous
Path Type: max
Corner: Fastest

Fanout     Cap    Slew   Delay    Time   Description
-----------------------------------------------------------------------------
                          0.00    0.00   clock clk (rise edge)
                          0.00    0.00   clock network delay (propagated)
                          2.00    2.00 v input external delay
     3    0.03    0.04    0.03    2.03 v reset (in)
                                         reset (net)
                  0.05    0.00    2.03 v _295_/A (sky130_fd_sc_hd__buf_4)
    10    0.07    0.07    0.15    2.18 v _295_/X (sky130_fd_sc_hd__buf_4)
                                         _153_ (net)
                  0.07    0.00    2.19 v _298_/A (sky130_fd_sc_hd__inv_2)
     1    0.02    0.08    0.10    2.28 ^ _298_/Y (sky130_fd_sc_hd__inv_2)
                                         _029_ (net)
                  0.08    0.00    2.28 ^ _330_/RESET_B (sky130_fd_sc_hd__dfrtp_2)
                                  2.28   data arrival time

                         10.00   10.00   clock clk (rise edge)
                          0.00   10.00   clock source latency
     1    0.02    0.06    0.04   10.04 ^ clk (in)
                                         clk (net)
                  0.06    0.00   10.04 ^ clkbuf_0_clk/A (sky130_fd_sc_hd__clkbuf_16)
     4    0.04    0.05    0.10   10.14 ^ clkbuf_0_clk/X (sky130_fd_sc_hd__clkbuf_16)
                                         clknet_0_clk (net)
                  0.05    0.00   10.15 ^ clkbuf_2_3__f_clk/A (sky130_fd_sc_hd__clkbuf_16)
     6    0.03    0.04    0.09   10.23 ^ clkbuf_2_3__f_clk/X (sky130_fd_sc_hd__clkbuf_16)
                                         clknet_2_3__leaf_clk (net)
                  0.04    0.00   10.23 ^ _330_/CLK (sky130_fd_sc_hd__dfrtp_2)
                         -0.25    9.98   clock uncertainty
                          0.00    9.98   clock reconvergence pessimism
                          0.12   10.10   library recovery time
                                 10.10   data required time
-----------------------------------------------------------------------------
                                 10.10   data required time
                                 -2.28   data arrival time
-----------------------------------------------------------------------------
                                  7.82   slack (MET)


Startpoint: _328_ (rising edge-triggered flip-flop clocked by clk)
Endpoint: count[0] (output port clocked by clk)
Path Group: clk
Path Type: max
Corner: Fastest

Fanout     Cap    Slew   Delay    Time   Description
-----------------------------------------------------------------------------
                          0.00    0.00   clock clk (rise edge)
                          0.00    0.00   clock source latency
     1    0.02    0.06    0.05    0.05 ^ clk (in)
                                         clk (net)
                  0.06    0.00    0.05 ^ clkbuf_0_clk/A (sky130_fd_sc_hd__clkbuf_16)
     4    0.04    0.05    0.11    0.16 ^ clkbuf_0_clk/X (sky130_fd_sc_hd__clkbuf_16)
                                         clknet_0_clk (net)
                  0.05    0.00    0.16 ^ clkbuf_2_0__f_clk/A (sky130_fd_sc_hd__clkbuf_16)
     9    0.03    0.04    0.10    0.26 ^ clkbuf_2_0__f_clk/X (sky130_fd_sc_hd__clkbuf_16)
                                         clknet_2_0__leaf_clk (net)
                  0.04    0.00    0.26 ^ _328_/CLK (sky130_fd_sc_hd__dfrtp_2)
     5    0.03    0.13    0.31    0.57 ^ _328_/Q (sky130_fd_sc_hd__dfrtp_2)
                                         net1 (net)
                  0.13    0.00    0.57 ^ output1/A (sky130_fd_sc_hd__buf_1)
     1    0.03    0.30    0.26    0.83 ^ output1/X (sky130_fd_sc_hd__buf_1)
                                         count[0] (net)
                  0.30    0.00    0.83 ^ count[0] (out)
                                  0.83   data arrival time

                         10.00   10.00   clock clk (rise edge)
                          0.00   10.00   clock network delay (propagated)
                         -0.25    9.75   clock uncertainty
                          0.00    9.75   clock reconvergence pessimism
                         -2.00    7.75   output external delay
                                  7.75   data required time
-----------------------------------------------------------------------------
                                  7.75   data required time
                                 -0.83   data arrival time
-----------------------------------------------------------------------------
                                  6.92   slack (MET)



======================= Slowest Corner ===================================

Startpoint: reset (input port clocked by clk)
Endpoint: _330_ (recovery check against rising-edge clock clk)
Path Group: asynchronous
Path Type: max
Corner: Slowest

Fanout     Cap    Slew   Delay    Time   Description
-----------------------------------------------------------------------------
                          0.00    0.00   clock clk (rise edge)
                          0.00    0.00   clock network delay (propagated)
                          2.00    2.00 v input external delay
     3    0.03    0.13    0.09    2.09 v reset (in)
                                         reset (net)
                  0.13    0.00    2.09 v _295_/A (sky130_fd_sc_hd__buf_4)
    10    0.07    0.18    0.42    2.51 v _295_/X (sky130_fd_sc_hd__buf_4)
                                         _153_ (net)
                  0.18    0.00    2.51 v _298_/A (sky130_fd_sc_hd__inv_2)
     1    0.02    0.17    0.23    2.74 ^ _298_/Y (sky130_fd_sc_hd__inv_2)
                                         _029_ (net)
                  0.17    0.00    2.74 ^ _330_/RESET_B (sky130_fd_sc_hd__dfrtp_2)
                                  2.74   data arrival time

                         10.00   10.00   clock clk (rise edge)
                          0.00   10.00   clock source latency
     1    0.02    0.13    0.09   10.09 ^ clk (in)
                                         clk (net)
                  0.13    0.00   10.09 ^ clkbuf_0_clk/A (sky130_fd_sc_hd__clkbuf_16)
     4    0.04    0.10    0.27   10.36 ^ clkbuf_0_clk/X (sky130_fd_sc_hd__clkbuf_16)
                                         clknet_0_clk (net)
                  0.10    0.00   10.36 ^ clkbuf_2_3__f_clk/A (sky130_fd_sc_hd__clkbuf_16)
     6    0.02    0.07    0.23   10.59 ^ clkbuf_2_3__f_clk/X (sky130_fd_sc_hd__clkbuf_16)
                                         clknet_2_3__leaf_clk (net)
                  0.07    0.00   10.59 ^ _330_/CLK (sky130_fd_sc_hd__dfrtp_2)
                         -0.25   10.34   clock uncertainty
                          0.00   10.34   clock reconvergence pessimism
                          0.40   10.74   library recovery time
                                 10.74   data required time
-----------------------------------------------------------------------------
                                 10.74   data required time
                                 -2.74   data arrival time
-----------------------------------------------------------------------------
                                  7.99   slack (MET)


Startpoint: _331_ (rising edge-triggered flip-flop clocked by clk)
Endpoint: _350_ (rising edge-triggered flip-flop clocked by clk)
Path Group: clk
Path Type: max
Corner: Slowest

Fanout     Cap    Slew   Delay    Time   Description
-----------------------------------------------------------------------------
                          0.00    0.00   clock clk (rise edge)
                          0.00    0.00   clock source latency
     1    0.02    0.13    0.10    0.10 ^ clk (in)
                                         clk (net)
                  0.13    0.00    0.10 ^ clkbuf_0_clk/A (sky130_fd_sc_hd__clkbuf_16)
     4    0.04    0.10    0.30    0.39 ^ clkbuf_0_clk/X (sky130_fd_sc_hd__clkbuf_16)
                                         clknet_0_clk (net)
                  0.10    0.00    0.39 ^ clkbuf_2_2__f_clk/A (sky130_fd_sc_hd__clkbuf_16)
     9    0.03    0.08    0.26    0.66 ^ clkbuf_2_2__f_clk/X (sky130_fd_sc_hd__clkbuf_16)
                                         clknet_2_2__leaf_clk (net)
                  0.08    0.00    0.66 ^ _331_/CLK (sky130_fd_sc_hd__dfrtp_4)
     7    0.03    0.19    1.15    1.81 v _331_/Q (sky130_fd_sc_hd__dfrtp_4)
                                         one_second_counter[0] (net)
                  0.19    0.00    1.81 v _164_/D (sky130_fd_sc_hd__and4_2)
     6    0.03    0.17    0.70    2.51 v _164_/X (sky130_fd_sc_hd__and4_2)
                                         _156_ (net)
                  0.17    0.00    2.51 v _165_/D (sky130_fd_sc_hd__and4_2)
     6    0.03    0.19    0.71    3.22 v _165_/X (sky130_fd_sc_hd__and4_2)
                                         _157_ (net)
                  0.19    0.00    3.23 v _166_/B (sky130_fd_sc_hd__and2_2)
     5    0.04    0.20    0.63    3.86 v _166_/X (sky130_fd_sc_hd__and2_2)
                                         _158_ (net)
                  0.20    0.00    3.86 v _187_/A2 (sky130_fd_sc_hd__o31a_1)
     1    0.01    0.11    0.63    4.49 v _187_/X (sky130_fd_sc_hd__o31a_1)
                                         _072_ (net)
                  0.11    0.00    4.49 v _189_/B (sky130_fd_sc_hd__or3_1)
     1    0.01    0.24    0.99    5.48 v _189_/X (sky130_fd_sc_hd__or3_1)
                                         _074_ (net)
                  0.24    0.00    5.48 v _190_/B2 (sky130_fd_sc_hd__a22oi_4)
     9    0.04    0.54    0.60    6.08 ^ _190_/Y (sky130_fd_sc_hd__a22oi_4)
                                         _075_ (net)
                  0.54    0.00    6.08 ^ _191_/A (sky130_fd_sc_hd__buf_2)
    10    0.05    0.38    0.65    6.73 ^ _191_/X (sky130_fd_sc_hd__buf_2)
                                         _076_ (net)
                  0.38    0.00    6.73 ^ _247_/B (sky130_fd_sc_hd__and3b_1)
     1    0.01    0.22    0.55    7.28 ^ _247_/X (sky130_fd_sc_hd__and3b_1)
                                         _119_ (net)
                  0.22    0.00    7.28 ^ _248_/A (sky130_fd_sc_hd__buf_1)
     1    0.02    0.40    0.47    7.75 ^ _248_/X (sky130_fd_sc_hd__buf_1)
                                         _010_ (net)
                  0.40    0.00    7.75 ^ _350_/D (sky130_fd_sc_hd__dfrtp_4)
                                  7.75   data arrival time

                         10.00   10.00   clock clk (rise edge)
                          0.00   10.00   clock source latency
     1    0.02    0.13    0.09   10.09 ^ clk (in)
                                         clk (net)
                  0.13    0.00   10.09 ^ clkbuf_0_clk/A (sky130_fd_sc_hd__clkbuf_16)
     4    0.04    0.10    0.27   10.36 ^ clkbuf_0_clk/X (sky130_fd_sc_hd__clkbuf_16)
                                         clknet_0_clk (net)
                  0.10    0.00   10.36 ^ clkbuf_2_1__f_clk/A (sky130_fd_sc_hd__clkbuf_16)
     9    0.03    0.08    0.23   10.59 ^ clkbuf_2_1__f_clk/X (sky130_fd_sc_hd__clkbuf_16)
                                         clknet_2_1__leaf_clk (net)
                  0.08    0.00   10.59 ^ _350_/CLK (sky130_fd_sc_hd__dfrtp_4)
                         -0.25   10.34   clock uncertainty
                          0.04   10.38   clock reconvergence pessimism
                         -0.22   10.16   library setup time
                                 10.16   data required time
-----------------------------------------------------------------------------
                                 10.16   data required time
                                 -7.75   data arrival time
-----------------------------------------------------------------------------
                                  2.40   slack (MET)



======================= Typical Corner ===================================

Startpoint: reset (input port clocked by clk)
Endpoint: _330_ (recovery check against rising-edge clock clk)
Path Group: asynchronous
Path Type: max
Corner: Typical

Fanout     Cap    Slew   Delay    Time   Description
-----------------------------------------------------------------------------
                          0.00    0.00   clock clk (rise edge)
                          0.00    0.00   clock network delay (propagated)
                          2.00    2.00 v input external delay
     3    0.03    0.06    0.05    2.05 v reset (in)
                                         reset (net)
                  0.06    0.00    2.05 v _295_/A (sky130_fd_sc_hd__buf_4)
    10    0.07    0.10    0.22    2.27 v _295_/X (sky130_fd_sc_hd__buf_4)
                                         _153_ (net)
                  0.10    0.00    2.28 v _298_/A (sky130_fd_sc_hd__inv_2)
     1    0.02    0.11    0.13    2.41 ^ _298_/Y (sky130_fd_sc_hd__inv_2)
                                         _029_ (net)
                  0.11    0.00    2.41 ^ _330_/RESET_B (sky130_fd_sc_hd__dfrtp_2)
                                  2.41   data arrival time

                         10.00   10.00   clock clk (rise edge)
                          0.00   10.00   clock source latency
     1    0.02    0.09    0.06   10.06 ^ clk (in)
                                         clk (net)
                  0.09    0.00   10.06 ^ clkbuf_0_clk/A (sky130_fd_sc_hd__clkbuf_16)
     4    0.04    0.06    0.15   10.21 ^ clkbuf_0_clk/X (sky130_fd_sc_hd__clkbuf_16)
                                         clknet_0_clk (net)
                  0.06    0.00   10.21 ^ clkbuf_2_3__f_clk/A (sky130_fd_sc_hd__clkbuf_16)
     6    0.03    0.05    0.13   10.34 ^ clkbuf_2_3__f_clk/X (sky130_fd_sc_hd__clkbuf_16)
                                         clknet_2_3__leaf_clk (net)
                  0.05    0.00   10.34 ^ _330_/CLK (sky130_fd_sc_hd__dfrtp_2)
                         -0.25   10.09   clock uncertainty
                          0.00   10.09   clock reconvergence pessimism
                          0.20   10.29   library recovery time
                                 10.29   data required time
-----------------------------------------------------------------------------
                                 10.29   data required time
                                 -2.41   data arrival time
-----------------------------------------------------------------------------
                                  7.88   slack (MET)


Startpoint: _331_ (rising edge-triggered flip-flop clocked by clk)
Endpoint: _350_ (rising edge-triggered flip-flop clocked by clk)
Path Group: clk
Path Type: max
Corner: Typical

Fanout     Cap    Slew   Delay    Time   Description
-----------------------------------------------------------------------------
                          0.00    0.00   clock clk (rise edge)
                          0.00    0.00   clock source latency
     1    0.02    0.09    0.06    0.06 ^ clk (in)
                                         clk (net)
                  0.09    0.00    0.06 ^ clkbuf_0_clk/A (sky130_fd_sc_hd__clkbuf_16)
     4    0.04    0.06    0.17    0.23 ^ clkbuf_0_clk/X (sky130_fd_sc_hd__clkbuf_16)
                                         clknet_0_clk (net)
                  0.06    0.00    0.23 ^ clkbuf_2_2__f_clk/A (sky130_fd_sc_hd__clkbuf_16)
     9    0.03    0.05    0.15    0.38 ^ clkbuf_2_2__f_clk/X (sky130_fd_sc_hd__clkbuf_16)
                                         clknet_2_2__leaf_clk (net)
                  0.05    0.00    0.38 ^ _331_/CLK (sky130_fd_sc_hd__dfrtp_4)
     7    0.03    0.10    0.55    0.93 v _331_/Q (sky130_fd_sc_hd__dfrtp_4)
                                         one_second_counter[0] (net)
                  0.10    0.00    0.93 v _164_/D (sky130_fd_sc_hd__and4_2)
     6    0.03    0.09    0.34    1.27 v _164_/X (sky130_fd_sc_hd__and4_2)
                                         _156_ (net)
                  0.09    0.00    1.27 v _165_/D (sky130_fd_sc_hd__and4_2)
     6    0.03    0.10    0.34    1.61 v _165_/X (sky130_fd_sc_hd__and4_2)
                                         _157_ (net)
                  0.10    0.00    1.62 v _166_/B (sky130_fd_sc_hd__and2_2)
     5    0.04    0.10    0.31    1.92 v _166_/X (sky130_fd_sc_hd__and2_2)
                                         _158_ (net)
                  0.10    0.00    1.92 v _187_/A2 (sky130_fd_sc_hd__o31a_1)
     1    0.01    0.06    0.32    2.25 v _187_/X (sky130_fd_sc_hd__o31a_1)
                                         _072_ (net)
                  0.06    0.00    2.25 v _189_/B (sky130_fd_sc_hd__or3_1)
     1    0.01    0.11    0.43    2.68 v _189_/X (sky130_fd_sc_hd__or3_1)
                                         _074_ (net)
                  0.11    0.00    2.68 v _190_/B2 (sky130_fd_sc_hd__a22oi_4)
     9    0.04    0.35    0.36    3.03 ^ _190_/Y (sky130_fd_sc_hd__a22oi_4)
                                         _075_ (net)
                  0.35    0.00    3.03 ^ _191_/A (sky130_fd_sc_hd__buf_2)
    10    0.05    0.24    0.35    3.38 ^ _191_/X (sky130_fd_sc_hd__buf_2)
                                         _076_ (net)
                  0.24    0.00    3.38 ^ _247_/B (sky130_fd_sc_hd__and3b_1)
     1    0.01    0.14    0.28    3.66 ^ _247_/X (sky130_fd_sc_hd__and3b_1)
                                         _119_ (net)
                  0.14    0.00    3.66 ^ _248_/A (sky130_fd_sc_hd__buf_1)
     1    0.02    0.25    0.26    3.92 ^ _248_/X (sky130_fd_sc_hd__buf_1)
                                         _010_ (net)
                  0.25    0.00    3.92 ^ _350_/D (sky130_fd_sc_hd__dfrtp_4)
                                  3.92   data arrival time

                         10.00   10.00   clock clk (rise edge)
                          0.00   10.00   clock source latency
     1    0.02    0.09    0.06   10.06 ^ clk (in)
                                         clk (net)
                  0.09    0.00   10.06 ^ clkbuf_0_clk/A (sky130_fd_sc_hd__clkbuf_16)
     4    0.04    0.06    0.15   10.21 ^ clkbuf_0_clk/X (sky130_fd_sc_hd__clkbuf_16)
                                         clknet_0_clk (net)
                  0.06    0.00   10.21 ^ clkbuf_2_1__f_clk/A (sky130_fd_sc_hd__clkbuf_16)
     9    0.03    0.05    0.13   10.34 ^ clkbuf_2_1__f_clk/X (sky130_fd_sc_hd__clkbuf_16)
                                         clknet_2_1__leaf_clk (net)
                  0.05    0.00   10.34 ^ _350_/CLK (sky130_fd_sc_hd__dfrtp_4)
                         -0.25   10.09   clock uncertainty
                          0.02   10.11   clock reconvergence pessimism
                         -0.11   10.00   library setup time
                                 10.00   data required time
-----------------------------------------------------------------------------
                                 10.00   data required time
                                 -3.92   data arrival time
-----------------------------------------------------------------------------
                                  6.08   slack (MET)




===========================================================================
report_checks --slack_max -0.01
============================================================================
======================= Fastest Corner ===================================

No paths found.

======================= Slowest Corner ===================================

No paths found.

======================= Typical Corner ===================================

No paths found.


===========================================================================
 report_check_types -max_slew -max_cap -max_fanout -violators
============================================================================
======================= Fastest Corner ===================================


max slew violations count Fastest: 0
max fanout violations count Fastest: 0
max cap violations count Fastest: 0
======================= Slowest Corner ===================================


max slew violations count Slowest: 0
max fanout violations count Slowest: 0
max cap violations count Slowest: 0
======================= Typical Corner ===================================


max slew violations count Typical: 0
max fanout violations count Typical: 0
max cap violations count Typical: 0

===========================================================================
report_parasitic_annotation -report_unannotated
============================================================================
Found 3 unannotated drivers.
 clkload0/X
 clkload1/X
 clkload2/Y
Found 0 partially unannotated drivers.

===========================================================================
max slew violation count 0
max fanout violation count 0
max cap violation count 0
============================================================================

===========================================================================
check_setup -verbose -unconstrained_endpoints -multiple_clock -no_clock -no_input_delay -loops -generated_clocks
===========================================================================
