
===========================================================================
report_checks -unconstrained
===========================================================================
======================= Typical Corner ===================================

Startpoint: opcode[0] (input port clocked by __VIRTUAL_CLK__)
Endpoint: out[7] (output port clocked by __VIRTUAL_CLK__)
Path Group: __VIRTUAL_CLK__
Path Type: max

Fanout     Cap    Slew   Delay    Time   Description
-----------------------------------------------------------------------------
                  0.00    0.00    0.00   clock __VIRTUAL_CLK__ (rise edge)
                          0.00    0.00   clock network delay (ideal)
                          2.00    2.00 ^ input external delay
     8    0.02    0.09    0.06    2.06 ^ opcode[0] (in)
                                         opcode[0] (net)
                  0.09    0.00    2.06 ^ _108_/C_N (sky130_fd_sc_hd__or3b_2)
     1    0.00    0.07    0.46    2.52 v _108_/X (sky130_fd_sc_hd__or3b_2)
                                         _040_ (net)
                  0.07    0.00    2.52 v _109_/A (sky130_fd_sc_hd__buf_1)
     9    0.03    0.15    0.21    2.73 v _109_/X (sky130_fd_sc_hd__buf_1)
                                         _041_ (net)
                  0.15    0.00    2.73 v _111_/C (sky130_fd_sc_hd__and3_2)
     2    0.01    0.05    0.28    3.01 v _111_/X (sky130_fd_sc_hd__and3_2)
                                         _043_ (net)
                  0.05    0.00    3.01 v _113_/C (sky130_fd_sc_hd__or3_2)
     3    0.01    0.10    0.46    3.47 v _113_/X (sky130_fd_sc_hd__or3_2)
                                         _045_ (net)
                  0.10    0.00    3.47 v _122_/A2 (sky130_fd_sc_hd__a21bo_2)
     3    0.01    0.05    0.26    3.73 v _122_/X (sky130_fd_sc_hd__a21bo_2)
                                         _053_ (net)
                  0.05    0.00    3.73 v _158_/A1 (sky130_fd_sc_hd__a31o_2)
     2    0.01    0.05    0.22    3.94 v _158_/X (sky130_fd_sc_hd__a31o_2)
                                         _087_ (net)
                  0.05    0.00    3.94 v _160_/B (sky130_fd_sc_hd__and2_2)
     5    0.01    0.06    0.23    4.17 v _160_/X (sky130_fd_sc_hd__and2_2)
                                         _089_ (net)
                  0.06    0.00    4.17 v _181_/A2 (sky130_fd_sc_hd__o311a_2)
     3    0.01    0.08    0.42    4.59 v _181_/X (sky130_fd_sc_hd__o311a_2)
                                         _012_ (net)
                  0.08    0.00    4.59 v _195_/B (sky130_fd_sc_hd__or3_2)
     1    0.00    0.07    0.47    5.06 v _195_/X (sky130_fd_sc_hd__or3_2)
                                         _025_ (net)
                  0.07    0.00    5.06 v _199_/A3 (sky130_fd_sc_hd__a31o_2)
     1    0.03    0.11    0.35    5.41 v _199_/X (sky130_fd_sc_hd__a31o_2)
                                         out[7] (net)
                  0.11    0.00    5.41 v out[7] (out)
                                  5.41   data arrival time

                  0.00   10.00   10.00   clock __VIRTUAL_CLK__ (rise edge)
                          0.00   10.00   clock network delay (ideal)
                         -0.25    9.75   clock uncertainty
                          0.00    9.75   clock reconvergence pessimism
                         -2.00    7.75   output external delay
                                  7.75   data required time
-----------------------------------------------------------------------------
                                  7.75   data required time
                                 -5.41   data arrival time
-----------------------------------------------------------------------------
                                  2.34   slack (MET)




===========================================================================
report_checks --slack_max -0.01
============================================================================
======================= Typical Corner ===================================

No paths found.


===========================================================================
 report_check_types -max_slew -max_cap -max_fanout -violators
============================================================================
======================= Typical Corner ===================================


max slew violations count Typical: 0
max fanout violations count Typical: 0
max cap violations count Typical: 0

===========================================================================
report_parasitic_annotation -report_unannotated
============================================================================
Found 123 unannotated drivers.
 A[0]
 A[1]
 A[2]
 A[3]
 A[4]
 A[5]
 A[6]
 A[7]
 B[0]
 B[1]
 B[2]
 B[3]
 B[4]
 B[5]
 B[6]
 B[7]
 opcode[0]
 opcode[1]
 opcode[2]
 _096_/X
 _097_/Y
 _098_/X
 _099_/X
 _100_/X
 _101_/X
 _102_/Y
 _103_/X
 _104_/X
 _105_/X
 _106_/Y
 _107_/X
 _108_/X
 _109_/X
 _110_/Y
 _111_/X
 _112_/Y
 _113_/X
 _114_/Y
 _115_/X
 _116_/X
 _117_/Y
 _118_/X
 _119_/Y
 _120_/X
 _121_/Y
 _122_/X
 _123_/X
 _124_/Y
 _125_/X
 _126_/X
 _127_/Y
 _128_/Y
 _129_/Y
 _130_/X
 _131_/Y
 _132_/X
 _133_/Y
 _134_/X
 _135_/X
 _136_/Y
 _137_/Y
 _138_/X
 _139_/Y
 _140_/Y
 _141_/Y
 _142_/Y
 _143_/X
 _144_/Y
 _145_/X
 _146_/X
 _147_/X
 _148_/X
 _149_/Y
 _150_/X
 _151_/X
 _152_/Y
 _153_/X
 _154_/Y
 _155_/Y
 _156_/X
 _157_/X
 _158_/X
 _159_/Y
 _160_/X
 _161_/X
 _162_/Y
 _163_/X
 _164_/Y
 _165_/X
 _166_/X
 _167_/Y
 _168_/X
 _169_/Y
 _170_/Y
 _171_/X
 _172_/Y
 _173_/X
 _174_/X
 _175_/X
 _176_/Y
 _177_/X
 _178_/X
 _179_/X
 _180_/X
 _181_/X
 _182_/Y
 _183_/Y
 _184_/X
 _185_/Y
 _186_/X
 _187_/X
 _188_/X
 _189_/Y
 _190_/X
 _191_/Y
 _192_/Y
 _193_/Y
 _194_/Y
 _195_/X
 _196_/X
 _197_/Y
 _198_/X
 _199_/X
Found 0 partially unannotated drivers.

===========================================================================
max slew violation count 0
max fanout violation count 0
max cap violation count 0
============================================================================

===========================================================================
check_setup -verbose -unconstrained_endpoints -multiple_clock -no_clock -no_input_delay -loops -generated_clocks
===========================================================================
