
===========================================================================
report_checks -path_delay min (Hold)
============================================================================
======================= Fastest Corner ===================================

Startpoint: A[4] (input port clocked by __VIRTUAL_CLK__)
Endpoint: out[4] (output port clocked by __VIRTUAL_CLK__)
Path Group: __VIRTUAL_CLK__
Path Type: min
Corner: Fastest

Fanout     Cap    Slew   Delay    Time   Description
-----------------------------------------------------------------------------
                  0.00    0.00    0.00   clock __VIRTUAL_CLK__ (rise edge)
                          0.00    0.00   clock network delay (ideal)
                          2.00    2.00 ^ input external delay
     1    0.00    0.02    0.01    2.01 ^ A[4] (in)
                                         A[4] (net)
                  0.02    0.00    2.01 ^ input5/A (sky130_fd_sc_hd__clkbuf_2)
     6    0.03    0.13    0.12    2.13 ^ input5/X (sky130_fd_sc_hd__clkbuf_2)
                                         net5 (net)
                  0.13    0.00    2.13 ^ _161_/B2 (sky130_fd_sc_hd__o32a_1)
     1    0.00    0.05    0.07    2.21 ^ _161_/X (sky130_fd_sc_hd__o32a_1)
                                         _090_ (net)
                  0.05    0.00    2.21 ^ _162_/B (sky130_fd_sc_hd__nand2_1)
     1    0.00    0.03    0.03    2.24 v _162_/Y (sky130_fd_sc_hd__nand2_1)
                                         net24 (net)
                  0.03    0.00    2.24 v output24/A (sky130_fd_sc_hd__buf_2)
     1    0.04    0.07    0.11    2.35 v output24/X (sky130_fd_sc_hd__buf_2)
                                         out[4] (net)
                  0.07    0.00    2.35 v out[4] (out)
                                  2.35   data arrival time

                  0.00    0.00    0.00   clock __VIRTUAL_CLK__ (rise edge)
                          0.00    0.00   clock network delay (ideal)
                          0.25    0.25   clock uncertainty
                          0.00    0.25   clock reconvergence pessimism
                         -2.00   -1.75   output external delay
                                 -1.75   data required time
-----------------------------------------------------------------------------
                                 -1.75   data required time
                                 -2.35   data arrival time
-----------------------------------------------------------------------------
                                  4.10   slack (MET)


Startpoint: opcode[1] (input port clocked by __VIRTUAL_CLK__)
Endpoint: out[7] (output port clocked by __VIRTUAL_CLK__)
Path Group: __VIRTUAL_CLK__
Path Type: min
Corner: Fastest

Fanout     Cap    Slew   Delay    Time   Description
-----------------------------------------------------------------------------
                  0.00    0.00    0.00   clock __VIRTUAL_CLK__ (rise edge)
                          0.00    0.00   clock network delay (ideal)
                          2.00    2.00 ^ input external delay
     1    0.00    0.02    0.01    2.01 ^ opcode[1] (in)
                                         opcode[1] (net)
                  0.02    0.00    2.01 ^ input18/A (sky130_fd_sc_hd__buf_4)
     6    0.03    0.06    0.09    2.10 ^ input18/X (sky130_fd_sc_hd__buf_4)
                                         net18 (net)
                  0.06    0.00    2.10 ^ _127_/B (sky130_fd_sc_hd__nor2_1)
     4    0.02    0.06    0.07    2.16 v _127_/Y (sky130_fd_sc_hd__nor2_1)
                                         _058_ (net)
                  0.06    0.00    2.16 v _199_/A3 (sky130_fd_sc_hd__a31o_4)
     1    0.02    0.03    0.17    2.33 v _199_/X (sky130_fd_sc_hd__a31o_4)
                                         net27 (net)
                  0.03    0.00    2.33 v output27/A (sky130_fd_sc_hd__buf_6)
     1    0.04    0.03    0.09    2.42 v output27/X (sky130_fd_sc_hd__buf_6)
                                         out[7] (net)
                  0.03    0.00    2.42 v out[7] (out)
                                  2.42   data arrival time

                  0.00    0.00    0.00   clock __VIRTUAL_CLK__ (rise edge)
                          0.00    0.00   clock network delay (ideal)
                          0.25    0.25   clock uncertainty
                          0.00    0.25   clock reconvergence pessimism
                         -2.00   -1.75   output external delay
                                 -1.75   data required time
-----------------------------------------------------------------------------
                                 -1.75   data required time
                                 -2.42   data arrival time
-----------------------------------------------------------------------------
                                  4.17   slack (MET)


Startpoint: opcode[1] (input port clocked by __VIRTUAL_CLK__)
Endpoint: out[5] (output port clocked by __VIRTUAL_CLK__)
Path Group: __VIRTUAL_CLK__
Path Type: min
Corner: Fastest

Fanout     Cap    Slew   Delay    Time   Description
-----------------------------------------------------------------------------
                  0.00    0.00    0.00   clock __VIRTUAL_CLK__ (rise edge)
                          0.00    0.00   clock network delay (ideal)
                          2.00    2.00 ^ input external delay
     1    0.00    0.02    0.01    2.01 ^ opcode[1] (in)
                                         opcode[1] (net)
                  0.02    0.00    2.01 ^ input18/A (sky130_fd_sc_hd__buf_4)
     6    0.03    0.06    0.09    2.10 ^ input18/X (sky130_fd_sc_hd__buf_4)
                                         net18 (net)
                  0.06    0.00    2.10 ^ _127_/B (sky130_fd_sc_hd__nor2_1)
     4    0.02    0.06    0.07    2.16 v _127_/Y (sky130_fd_sc_hd__nor2_1)
                                         _058_ (net)
                  0.06    0.00    2.16 v _174_/A1 (sky130_fd_sc_hd__a31o_1)
     2    0.01    0.04    0.14    2.30 v _174_/X (sky130_fd_sc_hd__a31o_1)
                                         net25 (net)
                  0.04    0.00    2.30 v output25/A (sky130_fd_sc_hd__buf_2)
     1    0.03    0.06    0.12    2.42 v output25/X (sky130_fd_sc_hd__buf_2)
                                         out[5] (net)
                  0.06    0.00    2.42 v out[5] (out)
                                  2.42   data arrival time

                  0.00    0.00    0.00   clock __VIRTUAL_CLK__ (rise edge)
                          0.00    0.00   clock network delay (ideal)
                          0.25    0.25   clock uncertainty
                          0.00    0.25   clock reconvergence pessimism
                         -2.00   -1.75   output external delay
                                 -1.75   data required time
-----------------------------------------------------------------------------
                                 -1.75   data required time
                                 -2.42   data arrival time
-----------------------------------------------------------------------------
                                  4.17   slack (MET)


Startpoint: A[6] (input port clocked by __VIRTUAL_CLK__)
Endpoint: out[6] (output port clocked by __VIRTUAL_CLK__)
Path Group: __VIRTUAL_CLK__
Path Type: min
Corner: Fastest

Fanout     Cap    Slew   Delay    Time   Description
-----------------------------------------------------------------------------
                  0.00    0.00    0.00   clock __VIRTUAL_CLK__ (rise edge)
                          0.00    0.00   clock network delay (ideal)
                          2.00    2.00 ^ input external delay
     1    0.00    0.02    0.01    2.01 ^ A[6] (in)
                                         A[6] (net)
                  0.02    0.00    2.01 ^ input7/A (sky130_fd_sc_hd__clkbuf_2)
     6    0.03    0.14    0.13    2.14 ^ input7/X (sky130_fd_sc_hd__clkbuf_2)
                                         net7 (net)
                  0.14    0.00    2.14 ^ _186_/A1 (sky130_fd_sc_hd__a311o_1)
     1    0.01    0.06    0.12    2.26 ^ _186_/X (sky130_fd_sc_hd__a311o_1)
                                         _017_ (net)
                  0.06    0.00    2.26 ^ _187_/B1 (sky130_fd_sc_hd__a21o_1)
     1    0.00    0.03    0.05    2.31 ^ _187_/X (sky130_fd_sc_hd__a21o_1)
                                         net26 (net)
                  0.03    0.00    2.31 ^ output26/A (sky130_fd_sc_hd__buf_2)
     1    0.03    0.13    0.13    2.44 ^ output26/X (sky130_fd_sc_hd__buf_2)
                                         out[6] (net)
                  0.13    0.00    2.44 ^ out[6] (out)
                                  2.44   data arrival time

                  0.00    0.00    0.00   clock __VIRTUAL_CLK__ (rise edge)
                          0.00    0.00   clock network delay (ideal)
                          0.25    0.25   clock uncertainty
                          0.00    0.25   clock reconvergence pessimism
                         -2.00   -1.75   output external delay
                                 -1.75   data required time
-----------------------------------------------------------------------------
                                 -1.75   data required time
                                 -2.44   data arrival time
-----------------------------------------------------------------------------
                                  4.19   slack (MET)


Startpoint: A[3] (input port clocked by __VIRTUAL_CLK__)
Endpoint: out[3] (output port clocked by __VIRTUAL_CLK__)
Path Group: __VIRTUAL_CLK__
Path Type: min
Corner: Fastest

Fanout     Cap    Slew   Delay    Time   Description
-----------------------------------------------------------------------------
                  0.00    0.00    0.00   clock __VIRTUAL_CLK__ (rise edge)
                          0.00    0.00   clock network delay (ideal)
                          2.00    2.00 ^ input external delay
     1    0.00    0.01    0.01    2.01 ^ A[3] (in)
                                         A[3] (net)
                  0.01    0.00    2.01 ^ input4/A (sky130_fd_sc_hd__clkbuf_2)
     7    0.03    0.13    0.13    2.13 ^ input4/X (sky130_fd_sc_hd__clkbuf_2)
                                         net4 (net)
                  0.13    0.00    2.13 ^ _143_/A1 (sky130_fd_sc_hd__a31o_1)
     1    0.00    0.04    0.09    2.23 ^ _143_/X (sky130_fd_sc_hd__a31o_1)
                                         _073_ (net)
                  0.04    0.00    2.23 ^ _146_/B1 (sky130_fd_sc_hd__a211o_1)
     1    0.01    0.06    0.08    2.30 ^ _146_/X (sky130_fd_sc_hd__a211o_1)
                                         net23 (net)
                  0.06    0.00    2.30 ^ output23/A (sky130_fd_sc_hd__buf_2)
     1    0.03    0.13    0.14    2.44 ^ output23/X (sky130_fd_sc_hd__buf_2)
                                         out[3] (net)
                  0.13    0.00    2.44 ^ out[3] (out)
                                  2.44   data arrival time

                  0.00    0.00    0.00   clock __VIRTUAL_CLK__ (rise edge)
                          0.00    0.00   clock network delay (ideal)
                          0.25    0.25   clock uncertainty
                          0.00    0.25   clock reconvergence pessimism
                         -2.00   -1.75   output external delay
                                 -1.75   data required time
-----------------------------------------------------------------------------
                                 -1.75   data required time
                                 -2.44   data arrival time
-----------------------------------------------------------------------------
                                  4.19   slack (MET)


Startpoint: opcode[2] (input port clocked by __VIRTUAL_CLK__)
Endpoint: out[0] (output port clocked by __VIRTUAL_CLK__)
Path Group: __VIRTUAL_CLK__
Path Type: min
Corner: Fastest

Fanout     Cap    Slew   Delay    Time   Description
-----------------------------------------------------------------------------
                  0.00    0.00    0.00   clock __VIRTUAL_CLK__ (rise edge)
                          0.00    0.00   clock network delay (ideal)
                          2.00    2.00 ^ input external delay
     1    0.00    0.02    0.01    2.01 ^ opcode[2] (in)
                                         opcode[2] (net)
                  0.02    0.00    2.01 ^ input19/A (sky130_fd_sc_hd__buf_4)
     6    0.04    0.09    0.10    2.11 ^ input19/X (sky130_fd_sc_hd__buf_4)
                                         net19 (net)
                  0.09    0.00    2.11 ^ _097_/A (sky130_fd_sc_hd__nor2b_4)
     9    0.05    0.05    0.06    2.17 v _097_/Y (sky130_fd_sc_hd__nor2b_4)
                                         _030_ (net)
                  0.05    0.00    2.17 v _107_/A2 (sky130_fd_sc_hd__a31o_1)
     1    0.01    0.04    0.15    2.33 v _107_/X (sky130_fd_sc_hd__a31o_1)
                                         net20 (net)
                  0.04    0.00    2.33 v output20/A (sky130_fd_sc_hd__buf_2)
     1    0.03    0.06    0.12    2.44 v output20/X (sky130_fd_sc_hd__buf_2)
                                         out[0] (net)
                  0.06    0.00    2.44 v out[0] (out)
                                  2.44   data arrival time

                  0.00    0.00    0.00   clock __VIRTUAL_CLK__ (rise edge)
                          0.00    0.00   clock network delay (ideal)
                          0.25    0.25   clock uncertainty
                          0.00    0.25   clock reconvergence pessimism
                         -2.00   -1.75   output external delay
                                 -1.75   data required time
-----------------------------------------------------------------------------
                                 -1.75   data required time
                                 -2.44   data arrival time
-----------------------------------------------------------------------------
                                  4.19   slack (MET)


Startpoint: opcode[1] (input port clocked by __VIRTUAL_CLK__)
Endpoint: out[2] (output port clocked by __VIRTUAL_CLK__)
Path Group: __VIRTUAL_CLK__
Path Type: min
Corner: Fastest

Fanout     Cap    Slew   Delay    Time   Description
-----------------------------------------------------------------------------
                  0.00    0.00    0.00   clock __VIRTUAL_CLK__ (rise edge)
                          0.00    0.00   clock network delay (ideal)
                          2.00    2.00 ^ input external delay
     1    0.00    0.02    0.01    2.01 ^ opcode[1] (in)
                                         opcode[1] (net)
                  0.02    0.00    2.01 ^ input18/A (sky130_fd_sc_hd__buf_4)
     6    0.03    0.06    0.09    2.10 ^ input18/X (sky130_fd_sc_hd__buf_4)
                                         net18 (net)
                  0.06    0.00    2.10 ^ _127_/B (sky130_fd_sc_hd__nor2_1)
     4    0.02    0.06    0.07    2.16 v _127_/Y (sky130_fd_sc_hd__nor2_1)
                                         _058_ (net)
                  0.06    0.00    2.16 v _128_/B1 (sky130_fd_sc_hd__o21ai_1)
     1    0.01    0.09    0.09    2.25 ^ _128_/Y (sky130_fd_sc_hd__o21ai_1)
                                         _059_ (net)
                  0.09    0.00    2.25 ^ _133_/A2 (sky130_fd_sc_hd__o21bai_1)
     1    0.01    0.06    0.07    2.32 v _133_/Y (sky130_fd_sc_hd__o21bai_1)
                                         net22 (net)
                  0.06    0.00    2.32 v output22/A (sky130_fd_sc_hd__buf_2)
     1    0.03    0.06    0.12    2.45 v output22/X (sky130_fd_sc_hd__buf_2)
                                         out[2] (net)
                  0.06    0.00    2.45 v out[2] (out)
                                  2.45   data arrival time

                  0.00    0.00    0.00   clock __VIRTUAL_CLK__ (rise edge)
                          0.00    0.00   clock network delay (ideal)
                          0.25    0.25   clock uncertainty
                          0.00    0.25   clock reconvergence pessimism
                         -2.00   -1.75   output external delay
                                 -1.75   data required time
-----------------------------------------------------------------------------
                                 -1.75   data required time
                                 -2.45   data arrival time
-----------------------------------------------------------------------------
                                  4.20   slack (MET)


Startpoint: A[1] (input port clocked by __VIRTUAL_CLK__)
Endpoint: out[1] (output port clocked by __VIRTUAL_CLK__)
Path Group: __VIRTUAL_CLK__
Path Type: min
Corner: Fastest

Fanout     Cap    Slew   Delay    Time   Description
-----------------------------------------------------------------------------
                  0.00    0.00    0.00   clock __VIRTUAL_CLK__ (rise edge)
                          0.00    0.00   clock network delay (ideal)
                          2.00    2.00 v input external delay
     1    0.00    0.00    0.00    2.00 v A[1] (in)
                                         A[1] (net)
                  0.00    0.00    2.00 v input2/A (sky130_fd_sc_hd__clkbuf_2)
     6    0.03    0.09    0.11    2.11 v input2/X (sky130_fd_sc_hd__clkbuf_2)
                                         net2 (net)
                  0.09    0.00    2.11 v _112_/B1 (sky130_fd_sc_hd__o21ai_2)
     3    0.01    0.07    0.08    2.20 ^ _112_/Y (sky130_fd_sc_hd__o21ai_2)
                                         _044_ (net)
                  0.07    0.00    2.20 ^ _115_/A2 (sky130_fd_sc_hd__a31o_1)
     1    0.01    0.06    0.10    2.30 ^ _115_/X (sky130_fd_sc_hd__a31o_1)
                                         _047_ (net)
                  0.06    0.00    2.30 ^ _121_/A2 (sky130_fd_sc_hd__o21bai_1)
     1    0.01    0.04    0.05    2.35 v _121_/Y (sky130_fd_sc_hd__o21bai_1)
                                         net21 (net)
                  0.04    0.00    2.35 v output21/A (sky130_fd_sc_hd__buf_2)
     1    0.03    0.06    0.12    2.47 v output21/X (sky130_fd_sc_hd__buf_2)
                                         out[1] (net)
                  0.06    0.00    2.47 v out[1] (out)
                                  2.47   data arrival time

                  0.00    0.00    0.00   clock __VIRTUAL_CLK__ (rise edge)
                          0.00    0.00   clock network delay (ideal)
                          0.25    0.25   clock uncertainty
                          0.00    0.25   clock reconvergence pessimism
                         -2.00   -1.75   output external delay
                                 -1.75   data required time
-----------------------------------------------------------------------------
                                 -1.75   data required time
                                 -2.47   data arrival time
-----------------------------------------------------------------------------
                                  4.22   slack (MET)



worst slack corner Fastest: 4.1030
======================= Slowest Corner ===================================

Startpoint: A[4] (input port clocked by __VIRTUAL_CLK__)
Endpoint: out[4] (output port clocked by __VIRTUAL_CLK__)
Path Group: __VIRTUAL_CLK__
Path Type: min
Corner: Slowest

Fanout     Cap    Slew   Delay    Time   Description
-----------------------------------------------------------------------------
                  0.00    0.00    0.00   clock __VIRTUAL_CLK__ (rise edge)
                          0.00    0.00   clock network delay (ideal)
                          2.00    2.00 ^ input external delay
     1    0.00    0.04    0.02    2.02 ^ A[4] (in)
                                         A[4] (net)
                  0.04    0.00    2.02 ^ input5/A (sky130_fd_sc_hd__clkbuf_2)
     6    0.03    0.25    0.29    2.31 ^ input5/X (sky130_fd_sc_hd__clkbuf_2)
                                         net5 (net)
                  0.25    0.00    2.31 ^ _161_/B2 (sky130_fd_sc_hd__o32a_1)
     1    0.00    0.11    0.32    2.63 ^ _161_/X (sky130_fd_sc_hd__o32a_1)
                                         _090_ (net)
                  0.11    0.00    2.63 ^ _162_/B (sky130_fd_sc_hd__nand2_1)
     1    0.00    0.09    0.13    2.76 v _162_/Y (sky130_fd_sc_hd__nand2_1)
                                         net24 (net)
                  0.09    0.00    2.76 v output24/A (sky130_fd_sc_hd__buf_2)
     1    0.04    0.17    0.34    3.11 v output24/X (sky130_fd_sc_hd__buf_2)
                                         out[4] (net)
                  0.17    0.00    3.11 v out[4] (out)
                                  3.11   data arrival time

                  0.00    0.00    0.00   clock __VIRTUAL_CLK__ (rise edge)
                          0.00    0.00   clock network delay (ideal)
                          0.25    0.25   clock uncertainty
                          0.00    0.25   clock reconvergence pessimism
                         -2.00   -1.75   output external delay
                                 -1.75   data required time
-----------------------------------------------------------------------------
                                 -1.75   data required time
                                 -3.11   data arrival time
-----------------------------------------------------------------------------
                                  4.86   slack (MET)


Startpoint: opcode[1] (input port clocked by __VIRTUAL_CLK__)
Endpoint: out[7] (output port clocked by __VIRTUAL_CLK__)
Path Group: __VIRTUAL_CLK__
Path Type: min
Corner: Slowest

Fanout     Cap    Slew   Delay    Time   Description
-----------------------------------------------------------------------------
                  0.00    0.00    0.00   clock __VIRTUAL_CLK__ (rise edge)
                          0.00    0.00   clock network delay (ideal)
                          2.00    2.00 ^ input external delay
     1    0.00    0.04    0.02    2.02 ^ opcode[1] (in)
                                         opcode[1] (net)
                  0.04    0.00    2.02 ^ input18/A (sky130_fd_sc_hd__buf_4)
     6    0.03    0.13    0.23    2.25 ^ input18/X (sky130_fd_sc_hd__buf_4)
                                         net18 (net)
                  0.13    0.00    2.25 ^ _127_/B (sky130_fd_sc_hd__nor2_1)
     4    0.02    0.18    0.19    2.44 v _127_/Y (sky130_fd_sc_hd__nor2_1)
                                         _058_ (net)
                  0.18    0.00    2.44 v _199_/A3 (sky130_fd_sc_hd__a31o_4)
     1    0.02    0.09    0.48    2.93 v _199_/X (sky130_fd_sc_hd__a31o_4)
                                         net27 (net)
                  0.09    0.00    2.93 v output27/A (sky130_fd_sc_hd__buf_6)
     1    0.04    0.08    0.24    3.17 v output27/X (sky130_fd_sc_hd__buf_6)
                                         out[7] (net)
                  0.08    0.00    3.17 v out[7] (out)
                                  3.17   data arrival time

                  0.00    0.00    0.00   clock __VIRTUAL_CLK__ (rise edge)
                          0.00    0.00   clock network delay (ideal)
                          0.25    0.25   clock uncertainty
                          0.00    0.25   clock reconvergence pessimism
                         -2.00   -1.75   output external delay
                                 -1.75   data required time
-----------------------------------------------------------------------------
                                 -1.75   data required time
                                 -3.17   data arrival time
-----------------------------------------------------------------------------
                                  4.92   slack (MET)


Startpoint: opcode[1] (input port clocked by __VIRTUAL_CLK__)
Endpoint: out[5] (output port clocked by __VIRTUAL_CLK__)
Path Group: __VIRTUAL_CLK__
Path Type: min
Corner: Slowest

Fanout     Cap    Slew   Delay    Time   Description
-----------------------------------------------------------------------------
                  0.00    0.00    0.00   clock __VIRTUAL_CLK__ (rise edge)
                          0.00    0.00   clock network delay (ideal)
                          2.00    2.00 ^ input external delay
     1    0.00    0.04    0.02    2.02 ^ opcode[1] (in)
                                         opcode[1] (net)
                  0.04    0.00    2.02 ^ input18/A (sky130_fd_sc_hd__buf_4)
     6    0.03    0.13    0.23    2.25 ^ input18/X (sky130_fd_sc_hd__buf_4)
                                         net18 (net)
                  0.13    0.00    2.25 ^ _127_/B (sky130_fd_sc_hd__nor2_1)
     4    0.02    0.18    0.19    2.44 v _127_/Y (sky130_fd_sc_hd__nor2_1)
                                         _058_ (net)
                  0.18    0.00    2.44 v _174_/A1 (sky130_fd_sc_hd__a31o_1)
     2    0.01    0.14    0.42    2.86 v _174_/X (sky130_fd_sc_hd__a31o_1)
                                         net25 (net)
                  0.14    0.00    2.86 v output25/A (sky130_fd_sc_hd__buf_2)
     1    0.03    0.16    0.36    3.22 v output25/X (sky130_fd_sc_hd__buf_2)
                                         out[5] (net)
                  0.16    0.00    3.22 v out[5] (out)
                                  3.22   data arrival time

                  0.00    0.00    0.00   clock __VIRTUAL_CLK__ (rise edge)
                          0.00    0.00   clock network delay (ideal)
                          0.25    0.25   clock uncertainty
                          0.00    0.25   clock reconvergence pessimism
                         -2.00   -1.75   output external delay
                                 -1.75   data required time
-----------------------------------------------------------------------------
                                 -1.75   data required time
                                 -3.22   data arrival time
-----------------------------------------------------------------------------
                                  4.97   slack (MET)


Startpoint: A[3] (input port clocked by __VIRTUAL_CLK__)
Endpoint: out[3] (output port clocked by __VIRTUAL_CLK__)
Path Group: __VIRTUAL_CLK__
Path Type: min
Corner: Slowest

Fanout     Cap    Slew   Delay    Time   Description
-----------------------------------------------------------------------------
                  0.00    0.00    0.00   clock __VIRTUAL_CLK__ (rise edge)
                          0.00    0.00   clock network delay (ideal)
                          2.00    2.00 ^ input external delay
     1    0.00    0.03    0.02    2.02 ^ A[3] (in)
                                         A[3] (net)
                  0.03    0.00    2.02 ^ input4/A (sky130_fd_sc_hd__clkbuf_2)
     7    0.03    0.27    0.30    2.32 ^ input4/X (sky130_fd_sc_hd__clkbuf_2)
                                         net4 (net)
                  0.27    0.00    2.32 ^ _143_/A1 (sky130_fd_sc_hd__a31o_1)
     1    0.00    0.10    0.35    2.67 ^ _143_/X (sky130_fd_sc_hd__a31o_1)
                                         _073_ (net)
                  0.10    0.00    2.67 ^ _146_/B1 (sky130_fd_sc_hd__a211o_1)
     1    0.01    0.12    0.21    2.88 ^ _146_/X (sky130_fd_sc_hd__a211o_1)
                                         net23 (net)
                  0.12    0.00    2.88 ^ output23/A (sky130_fd_sc_hd__buf_2)
     1    0.03    0.27    0.35    3.22 ^ output23/X (sky130_fd_sc_hd__buf_2)
                                         out[3] (net)
                  0.27    0.00    3.22 ^ out[3] (out)
                                  3.22   data arrival time

                  0.00    0.00    0.00   clock __VIRTUAL_CLK__ (rise edge)
                          0.00    0.00   clock network delay (ideal)
                          0.25    0.25   clock uncertainty
                          0.00    0.25   clock reconvergence pessimism
                         -2.00   -1.75   output external delay
                                 -1.75   data required time
-----------------------------------------------------------------------------
                                 -1.75   data required time
                                 -3.22   data arrival time
-----------------------------------------------------------------------------
                                  4.97   slack (MET)


Startpoint: A[6] (input port clocked by __VIRTUAL_CLK__)
Endpoint: out[6] (output port clocked by __VIRTUAL_CLK__)
Path Group: __VIRTUAL_CLK__
Path Type: min
Corner: Slowest

Fanout     Cap    Slew   Delay    Time   Description
-----------------------------------------------------------------------------
                  0.00    0.00    0.00   clock __VIRTUAL_CLK__ (rise edge)
                          0.00    0.00   clock network delay (ideal)
                          2.00    2.00 ^ input external delay
     1    0.00    0.04    0.02    2.02 ^ A[6] (in)
                                         A[6] (net)
                  0.04    0.00    2.02 ^ input7/A (sky130_fd_sc_hd__clkbuf_2)
     6    0.03    0.28    0.31    2.33 ^ input7/X (sky130_fd_sc_hd__clkbuf_2)
                                         net7 (net)
                  0.28    0.00    2.33 ^ _186_/A1 (sky130_fd_sc_hd__a311o_1)
     1    0.01    0.13    0.41    2.74 ^ _186_/X (sky130_fd_sc_hd__a311o_1)
                                         _017_ (net)
                  0.13    0.00    2.74 ^ _187_/B1 (sky130_fd_sc_hd__a21o_1)
     1    0.00    0.06    0.16    2.90 ^ _187_/X (sky130_fd_sc_hd__a21o_1)
                                         net26 (net)
                  0.06    0.00    2.90 ^ output26/A (sky130_fd_sc_hd__buf_2)
     1    0.03    0.28    0.33    3.23 ^ output26/X (sky130_fd_sc_hd__buf_2)
                                         out[6] (net)
                  0.28    0.00    3.23 ^ out[6] (out)
                                  3.23   data arrival time

                  0.00    0.00    0.00   clock __VIRTUAL_CLK__ (rise edge)
                          0.00    0.00   clock network delay (ideal)
                          0.25    0.25   clock uncertainty
                          0.00    0.25   clock reconvergence pessimism
                         -2.00   -1.75   output external delay
                                 -1.75   data required time
-----------------------------------------------------------------------------
                                 -1.75   data required time
                                 -3.23   data arrival time
-----------------------------------------------------------------------------
                                  4.98   slack (MET)


Startpoint: opcode[2] (input port clocked by __VIRTUAL_CLK__)
Endpoint: out[0] (output port clocked by __VIRTUAL_CLK__)
Path Group: __VIRTUAL_CLK__
Path Type: min
Corner: Slowest

Fanout     Cap    Slew   Delay    Time   Description
-----------------------------------------------------------------------------
                  0.00    0.00    0.00   clock __VIRTUAL_CLK__ (rise edge)
                          0.00    0.00   clock network delay (ideal)
                          2.00    2.00 ^ input external delay
     1    0.00    0.04    0.02    2.02 ^ opcode[2] (in)
                                         opcode[2] (net)
                  0.04    0.00    2.02 ^ input19/A (sky130_fd_sc_hd__buf_4)
     6    0.04    0.18    0.27    2.28 ^ input19/X (sky130_fd_sc_hd__buf_4)
                                         net19 (net)
                  0.18    0.00    2.29 ^ _097_/A (sky130_fd_sc_hd__nor2b_4)
     9    0.05    0.12    0.17    2.46 v _097_/Y (sky130_fd_sc_hd__nor2b_4)
                                         _030_ (net)
                  0.12    0.00    2.46 v _107_/A2 (sky130_fd_sc_hd__a31o_1)
     1    0.01    0.12    0.43    2.89 v _107_/X (sky130_fd_sc_hd__a31o_1)
                                         net20 (net)
                  0.12    0.00    2.89 v output20/A (sky130_fd_sc_hd__buf_2)
     1    0.03    0.17    0.35    3.24 v output20/X (sky130_fd_sc_hd__buf_2)
                                         out[0] (net)
                  0.17    0.00    3.24 v out[0] (out)
                                  3.24   data arrival time

                  0.00    0.00    0.00   clock __VIRTUAL_CLK__ (rise edge)
                          0.00    0.00   clock network delay (ideal)
                          0.25    0.25   clock uncertainty
                          0.00    0.25   clock reconvergence pessimism
                         -2.00   -1.75   output external delay
                                 -1.75   data required time
-----------------------------------------------------------------------------
                                 -1.75   data required time
                                 -3.24   data arrival time
-----------------------------------------------------------------------------
                                  4.99   slack (MET)


Startpoint: A[1] (input port clocked by __VIRTUAL_CLK__)
Endpoint: out[1] (output port clocked by __VIRTUAL_CLK__)
Path Group: __VIRTUAL_CLK__
Path Type: min
Corner: Slowest

Fanout     Cap    Slew   Delay    Time   Description
-----------------------------------------------------------------------------
                  0.00    0.00    0.00   clock __VIRTUAL_CLK__ (rise edge)
                          0.00    0.00   clock network delay (ideal)
                          2.00    2.00 ^ input external delay
     1    0.00    0.03    0.02    2.02 ^ A[1] (in)
                                         A[1] (net)
                  0.03    0.00    2.02 ^ input2/A (sky130_fd_sc_hd__clkbuf_2)
     6    0.03    0.30    0.32    2.34 ^ input2/X (sky130_fd_sc_hd__clkbuf_2)
                                         net2 (net)
                  0.30    0.00    2.34 ^ _120_/A1 (sky130_fd_sc_hd__a311o_1)
     1    0.00    0.11    0.41    2.74 ^ _120_/X (sky130_fd_sc_hd__a311o_1)
                                         _052_ (net)
                  0.11    0.00    2.74 ^ _121_/B1_N (sky130_fd_sc_hd__o21bai_1)
     1    0.01    0.17    0.24    2.98 ^ _121_/Y (sky130_fd_sc_hd__o21bai_1)
                                         net21 (net)
                  0.17    0.00    2.98 ^ output21/A (sky130_fd_sc_hd__buf_2)
     1    0.03    0.27    0.37    3.35 ^ output21/X (sky130_fd_sc_hd__buf_2)
                                         out[1] (net)
                  0.27    0.00    3.35 ^ out[1] (out)
                                  3.35   data arrival time

                  0.00    0.00    0.00   clock __VIRTUAL_CLK__ (rise edge)
                          0.00    0.00   clock network delay (ideal)
                          0.25    0.25   clock uncertainty
                          0.00    0.25   clock reconvergence pessimism
                         -2.00   -1.75   output external delay
                                 -1.75   data required time
-----------------------------------------------------------------------------
                                 -1.75   data required time
                                 -3.35   data arrival time
-----------------------------------------------------------------------------
                                  5.10   slack (MET)


Startpoint: opcode[1] (input port clocked by __VIRTUAL_CLK__)
Endpoint: out[2] (output port clocked by __VIRTUAL_CLK__)
Path Group: __VIRTUAL_CLK__
Path Type: min
Corner: Slowest

Fanout     Cap    Slew   Delay    Time   Description
-----------------------------------------------------------------------------
                  0.00    0.00    0.00   clock __VIRTUAL_CLK__ (rise edge)
                          0.00    0.00   clock network delay (ideal)
                          2.00    2.00 ^ input external delay
     1    0.00    0.04    0.02    2.02 ^ opcode[1] (in)
                                         opcode[1] (net)
                  0.04    0.00    2.02 ^ input18/A (sky130_fd_sc_hd__buf_4)
     6    0.03    0.13    0.23    2.25 ^ input18/X (sky130_fd_sc_hd__buf_4)
                                         net18 (net)
                  0.13    0.00    2.25 ^ _127_/B (sky130_fd_sc_hd__nor2_1)
     4    0.02    0.18    0.19    2.44 v _127_/Y (sky130_fd_sc_hd__nor2_1)
                                         _058_ (net)
                  0.18    0.00    2.44 v _128_/B1 (sky130_fd_sc_hd__o21ai_1)
     1    0.01    0.24    0.24    2.69 ^ _128_/Y (sky130_fd_sc_hd__o21ai_1)
                                         _059_ (net)
                  0.24    0.00    2.69 ^ _133_/A2 (sky130_fd_sc_hd__o21bai_1)
     1    0.01    0.22    0.28    2.96 v _133_/Y (sky130_fd_sc_hd__o21bai_1)
                                         net22 (net)
                  0.22    0.00    2.96 v output22/A (sky130_fd_sc_hd__buf_2)
     1    0.03    0.17    0.40    3.36 v output22/X (sky130_fd_sc_hd__buf_2)
                                         out[2] (net)
                  0.17    0.00    3.36 v out[2] (out)
                                  3.36   data arrival time

                  0.00    0.00    0.00   clock __VIRTUAL_CLK__ (rise edge)
                          0.00    0.00   clock network delay (ideal)
                          0.25    0.25   clock uncertainty
                          0.00    0.25   clock reconvergence pessimism
                         -2.00   -1.75   output external delay
                                 -1.75   data required time
-----------------------------------------------------------------------------
                                 -1.75   data required time
                                 -3.36   data arrival time
-----------------------------------------------------------------------------
                                  5.11   slack (MET)



worst slack corner Slowest: 4.8571
======================= Typical Corner ===================================

Startpoint: A[4] (input port clocked by __VIRTUAL_CLK__)
Endpoint: out[4] (output port clocked by __VIRTUAL_CLK__)
Path Group: __VIRTUAL_CLK__
Path Type: min
Corner: Typical

Fanout     Cap    Slew   Delay    Time   Description
-----------------------------------------------------------------------------
                  0.00    0.00    0.00   clock __VIRTUAL_CLK__ (rise edge)
                          0.00    0.00   clock network delay (ideal)
                          2.00    2.00 ^ input external delay
     1    0.00    0.02    0.01    2.01 ^ A[4] (in)
                                         A[4] (net)
                  0.02    0.00    2.01 ^ input5/A (sky130_fd_sc_hd__clkbuf_2)
     6    0.03    0.16    0.17    2.18 ^ input5/X (sky130_fd_sc_hd__clkbuf_2)
                                         net5 (net)
                  0.16    0.00    2.18 ^ _161_/B2 (sky130_fd_sc_hd__o32a_1)
     1    0.00    0.06    0.16    2.34 ^ _161_/X (sky130_fd_sc_hd__o32a_1)
                                         _090_ (net)
                  0.06    0.00    2.34 ^ _162_/B (sky130_fd_sc_hd__nand2_1)
     1    0.00    0.04    0.06    2.40 v _162_/Y (sky130_fd_sc_hd__nand2_1)
                                         net24 (net)
                  0.04    0.00    2.40 v output24/A (sky130_fd_sc_hd__buf_2)
     1    0.04    0.09    0.17    2.58 v output24/X (sky130_fd_sc_hd__buf_2)
                                         out[4] (net)
                  0.09    0.00    2.58 v out[4] (out)
                                  2.58   data arrival time

                  0.00    0.00    0.00   clock __VIRTUAL_CLK__ (rise edge)
                          0.00    0.00   clock network delay (ideal)
                          0.25    0.25   clock uncertainty
                          0.00    0.25   clock reconvergence pessimism
                         -2.00   -1.75   output external delay
                                 -1.75   data required time
-----------------------------------------------------------------------------
                                 -1.75   data required time
                                 -2.58   data arrival time
-----------------------------------------------------------------------------
                                  4.33   slack (MET)


Startpoint: opcode[1] (input port clocked by __VIRTUAL_CLK__)
Endpoint: out[7] (output port clocked by __VIRTUAL_CLK__)
Path Group: __VIRTUAL_CLK__
Path Type: min
Corner: Typical

Fanout     Cap    Slew   Delay    Time   Description
-----------------------------------------------------------------------------
                  0.00    0.00    0.00   clock __VIRTUAL_CLK__ (rise edge)
                          0.00    0.00   clock network delay (ideal)
                          2.00    2.00 ^ input external delay
     1    0.00    0.02    0.01    2.01 ^ opcode[1] (in)
                                         opcode[1] (net)
                  0.02    0.00    2.01 ^ input18/A (sky130_fd_sc_hd__buf_4)
     6    0.03    0.08    0.13    2.14 ^ input18/X (sky130_fd_sc_hd__buf_4)
                                         net18 (net)
                  0.08    0.00    2.14 ^ _127_/B (sky130_fd_sc_hd__nor2_1)
     4    0.02    0.09    0.10    2.24 v _127_/Y (sky130_fd_sc_hd__nor2_1)
                                         _058_ (net)
                  0.09    0.00    2.24 v _199_/A3 (sky130_fd_sc_hd__a31o_4)
     1    0.02    0.05    0.26    2.50 v _199_/X (sky130_fd_sc_hd__a31o_4)
                                         net27 (net)
                  0.05    0.00    2.50 v output27/A (sky130_fd_sc_hd__buf_6)
     1    0.04    0.04    0.13    2.64 v output27/X (sky130_fd_sc_hd__buf_6)
                                         out[7] (net)
                  0.04    0.00    2.64 v out[7] (out)
                                  2.64   data arrival time

                  0.00    0.00    0.00   clock __VIRTUAL_CLK__ (rise edge)
                          0.00    0.00   clock network delay (ideal)
                          0.25    0.25   clock uncertainty
                          0.00    0.25   clock reconvergence pessimism
                         -2.00   -1.75   output external delay
                                 -1.75   data required time
-----------------------------------------------------------------------------
                                 -1.75   data required time
                                 -2.64   data arrival time
-----------------------------------------------------------------------------
                                  4.39   slack (MET)


Startpoint: opcode[1] (input port clocked by __VIRTUAL_CLK__)
Endpoint: out[5] (output port clocked by __VIRTUAL_CLK__)
Path Group: __VIRTUAL_CLK__
Path Type: min
Corner: Typical

Fanout     Cap    Slew   Delay    Time   Description
-----------------------------------------------------------------------------
                  0.00    0.00    0.00   clock __VIRTUAL_CLK__ (rise edge)
                          0.00    0.00   clock network delay (ideal)
                          2.00    2.00 ^ input external delay
     1    0.00    0.02    0.01    2.01 ^ opcode[1] (in)
                                         opcode[1] (net)
                  0.02    0.00    2.01 ^ input18/A (sky130_fd_sc_hd__buf_4)
     6    0.03    0.08    0.13    2.14 ^ input18/X (sky130_fd_sc_hd__buf_4)
                                         net18 (net)
                  0.08    0.00    2.14 ^ _127_/B (sky130_fd_sc_hd__nor2_1)
     4    0.02    0.09    0.10    2.24 v _127_/Y (sky130_fd_sc_hd__nor2_1)
                                         _058_ (net)
                  0.09    0.00    2.24 v _174_/A1 (sky130_fd_sc_hd__a31o_1)
     2    0.01    0.07    0.22    2.46 v _174_/X (sky130_fd_sc_hd__a31o_1)
                                         net25 (net)
                  0.07    0.00    2.46 v output25/A (sky130_fd_sc_hd__buf_2)
     1    0.03    0.09    0.18    2.64 v output25/X (sky130_fd_sc_hd__buf_2)
                                         out[5] (net)
                  0.09    0.00    2.64 v out[5] (out)
                                  2.64   data arrival time

                  0.00    0.00    0.00   clock __VIRTUAL_CLK__ (rise edge)
                          0.00    0.00   clock network delay (ideal)
                          0.25    0.25   clock uncertainty
                          0.00    0.25   clock reconvergence pessimism
                         -2.00   -1.75   output external delay
                                 -1.75   data required time
-----------------------------------------------------------------------------
                                 -1.75   data required time
                                 -2.64   data arrival time
-----------------------------------------------------------------------------
                                  4.39   slack (MET)


Startpoint: A[6] (input port clocked by __VIRTUAL_CLK__)
Endpoint: out[6] (output port clocked by __VIRTUAL_CLK__)
Path Group: __VIRTUAL_CLK__
Path Type: min
Corner: Typical

Fanout     Cap    Slew   Delay    Time   Description
-----------------------------------------------------------------------------
                  0.00    0.00    0.00   clock __VIRTUAL_CLK__ (rise edge)
                          0.00    0.00   clock network delay (ideal)
                          2.00    2.00 ^ input external delay
     1    0.00    0.02    0.01    2.01 ^ A[6] (in)
                                         A[6] (net)
                  0.02    0.00    2.01 ^ input7/A (sky130_fd_sc_hd__clkbuf_2)
     6    0.03    0.18    0.18    2.19 ^ input7/X (sky130_fd_sc_hd__clkbuf_2)
                                         net7 (net)
                  0.18    0.00    2.20 ^ _186_/A1 (sky130_fd_sc_hd__a311o_1)
     1    0.01    0.08    0.20    2.39 ^ _186_/X (sky130_fd_sc_hd__a311o_1)
                                         _017_ (net)
                  0.08    0.00    2.39 ^ _187_/B1 (sky130_fd_sc_hd__a21o_1)
     1    0.00    0.04    0.08    2.48 ^ _187_/X (sky130_fd_sc_hd__a21o_1)
                                         net26 (net)
                  0.04    0.00    2.48 ^ output26/A (sky130_fd_sc_hd__buf_2)
     1    0.03    0.17    0.19    2.66 ^ output26/X (sky130_fd_sc_hd__buf_2)
                                         out[6] (net)
                  0.17    0.00    2.66 ^ out[6] (out)
                                  2.66   data arrival time

                  0.00    0.00    0.00   clock __VIRTUAL_CLK__ (rise edge)
                          0.00    0.00   clock network delay (ideal)
                          0.25    0.25   clock uncertainty
                          0.00    0.25   clock reconvergence pessimism
                         -2.00   -1.75   output external delay
                                 -1.75   data required time
-----------------------------------------------------------------------------
                                 -1.75   data required time
                                 -2.66   data arrival time
-----------------------------------------------------------------------------
                                  4.41   slack (MET)


Startpoint: A[3] (input port clocked by __VIRTUAL_CLK__)
Endpoint: out[3] (output port clocked by __VIRTUAL_CLK__)
Path Group: __VIRTUAL_CLK__
Path Type: min
Corner: Typical

Fanout     Cap    Slew   Delay    Time   Description
-----------------------------------------------------------------------------
                  0.00    0.00    0.00   clock __VIRTUAL_CLK__ (rise edge)
                          0.00    0.00   clock network delay (ideal)
                          2.00    2.00 ^ input external delay
     1    0.00    0.02    0.01    2.01 ^ A[3] (in)
                                         A[3] (net)
                  0.02    0.00    2.01 ^ input4/A (sky130_fd_sc_hd__clkbuf_2)
     7    0.03    0.17    0.18    2.19 ^ input4/X (sky130_fd_sc_hd__clkbuf_2)
                                         net4 (net)
                  0.17    0.00    2.19 ^ _143_/A1 (sky130_fd_sc_hd__a31o_1)
     1    0.00    0.06    0.16    2.35 ^ _143_/X (sky130_fd_sc_hd__a31o_1)
                                         _073_ (net)
                  0.06    0.00    2.35 ^ _146_/B1 (sky130_fd_sc_hd__a211o_1)
     1    0.01    0.07    0.12    2.47 ^ _146_/X (sky130_fd_sc_hd__a211o_1)
                                         net23 (net)
                  0.07    0.00    2.47 ^ output23/A (sky130_fd_sc_hd__buf_2)
     1    0.03    0.17    0.20    2.67 ^ output23/X (sky130_fd_sc_hd__buf_2)
                                         out[3] (net)
                  0.17    0.00    2.67 ^ out[3] (out)
                                  2.67   data arrival time

                  0.00    0.00    0.00   clock __VIRTUAL_CLK__ (rise edge)
                          0.00    0.00   clock network delay (ideal)
                          0.25    0.25   clock uncertainty
                          0.00    0.25   clock reconvergence pessimism
                         -2.00   -1.75   output external delay
                                 -1.75   data required time
-----------------------------------------------------------------------------
                                 -1.75   data required time
                                 -2.67   data arrival time
-----------------------------------------------------------------------------
                                  4.42   slack (MET)


Startpoint: opcode[2] (input port clocked by __VIRTUAL_CLK__)
Endpoint: out[0] (output port clocked by __VIRTUAL_CLK__)
Path Group: __VIRTUAL_CLK__
Path Type: min
Corner: Typical

Fanout     Cap    Slew   Delay    Time   Description
-----------------------------------------------------------------------------
                  0.00    0.00    0.00   clock __VIRTUAL_CLK__ (rise edge)
                          0.00    0.00   clock network delay (ideal)
                          2.00    2.00 ^ input external delay
     1    0.00    0.02    0.01    2.01 ^ opcode[2] (in)
                                         opcode[2] (net)
                  0.02    0.00    2.01 ^ input19/A (sky130_fd_sc_hd__buf_4)
     6    0.04    0.12    0.15    2.16 ^ input19/X (sky130_fd_sc_hd__buf_4)
                                         net19 (net)
                  0.12    0.00    2.16 ^ _097_/A (sky130_fd_sc_hd__nor2b_4)
     9    0.05    0.07    0.09    2.25 v _097_/Y (sky130_fd_sc_hd__nor2b_4)
                                         _030_ (net)
                  0.07    0.00    2.25 v _107_/A2 (sky130_fd_sc_hd__a31o_1)
     1    0.01    0.07    0.23    2.49 v _107_/X (sky130_fd_sc_hd__a31o_1)
                                         net20 (net)
                  0.07    0.00    2.49 v output20/A (sky130_fd_sc_hd__buf_2)
     1    0.03    0.09    0.18    2.67 v output20/X (sky130_fd_sc_hd__buf_2)
                                         out[0] (net)
                  0.09    0.00    2.67 v out[0] (out)
                                  2.67   data arrival time

                  0.00    0.00    0.00   clock __VIRTUAL_CLK__ (rise edge)
                          0.00    0.00   clock network delay (ideal)
                          0.25    0.25   clock uncertainty
                          0.00    0.25   clock reconvergence pessimism
                         -2.00   -1.75   output external delay
                                 -1.75   data required time
-----------------------------------------------------------------------------
                                 -1.75   data required time
                                 -2.67   data arrival time
-----------------------------------------------------------------------------
                                  4.42   slack (MET)


Startpoint: opcode[1] (input port clocked by __VIRTUAL_CLK__)
Endpoint: out[2] (output port clocked by __VIRTUAL_CLK__)
Path Group: __VIRTUAL_CLK__
Path Type: min
Corner: Typical

Fanout     Cap    Slew   Delay    Time   Description
-----------------------------------------------------------------------------
                  0.00    0.00    0.00   clock __VIRTUAL_CLK__ (rise edge)
                          0.00    0.00   clock network delay (ideal)
                          2.00    2.00 ^ input external delay
     1    0.00    0.02    0.01    2.01 ^ opcode[1] (in)
                                         opcode[1] (net)
                  0.02    0.00    2.01 ^ input18/A (sky130_fd_sc_hd__buf_4)
     6    0.03    0.08    0.13    2.14 ^ input18/X (sky130_fd_sc_hd__buf_4)
                                         net18 (net)
                  0.08    0.00    2.14 ^ _127_/B (sky130_fd_sc_hd__nor2_1)
     4    0.02    0.09    0.10    2.24 v _127_/Y (sky130_fd_sc_hd__nor2_1)
                                         _058_ (net)
                  0.09    0.00    2.24 v _128_/B1 (sky130_fd_sc_hd__o21ai_1)
     1    0.01    0.14    0.13    2.37 ^ _128_/Y (sky130_fd_sc_hd__o21ai_1)
                                         _059_ (net)
                  0.14    0.00    2.37 ^ _133_/A2 (sky130_fd_sc_hd__o21bai_1)
     1    0.01    0.10    0.12    2.50 v _133_/Y (sky130_fd_sc_hd__o21bai_1)
                                         net22 (net)
                  0.10    0.00    2.50 v output22/A (sky130_fd_sc_hd__buf_2)
     1    0.03    0.09    0.20    2.69 v output22/X (sky130_fd_sc_hd__buf_2)
                                         out[2] (net)
                  0.09    0.00    2.69 v out[2] (out)
                                  2.69   data arrival time

                  0.00    0.00    0.00   clock __VIRTUAL_CLK__ (rise edge)
                          0.00    0.00   clock network delay (ideal)
                          0.25    0.25   clock uncertainty
                          0.00    0.25   clock reconvergence pessimism
                         -2.00   -1.75   output external delay
                                 -1.75   data required time
-----------------------------------------------------------------------------
                                 -1.75   data required time
                                 -2.69   data arrival time
-----------------------------------------------------------------------------
                                  4.44   slack (MET)


Startpoint: A[1] (input port clocked by __VIRTUAL_CLK__)
Endpoint: out[1] (output port clocked by __VIRTUAL_CLK__)
Path Group: __VIRTUAL_CLK__
Path Type: min
Corner: Typical

Fanout     Cap    Slew   Delay    Time   Description
-----------------------------------------------------------------------------
                  0.00    0.00    0.00   clock __VIRTUAL_CLK__ (rise edge)
                          0.00    0.00   clock network delay (ideal)
                          2.00    2.00 v input external delay
     1    0.00    0.01    0.00    2.00 v A[1] (in)
                                         A[1] (net)
                  0.01    0.00    2.00 v input2/A (sky130_fd_sc_hd__clkbuf_2)
     6    0.03    0.13    0.16    2.17 v input2/X (sky130_fd_sc_hd__clkbuf_2)
                                         net2 (net)
                  0.13    0.00    2.17 v _112_/B1 (sky130_fd_sc_hd__o21ai_2)
     3    0.01    0.10    0.12    2.29 ^ _112_/Y (sky130_fd_sc_hd__o21ai_2)
                                         _044_ (net)
                  0.10    0.00    2.29 ^ _115_/A2 (sky130_fd_sc_hd__a31o_1)
     1    0.01    0.08    0.17    2.46 ^ _115_/X (sky130_fd_sc_hd__a31o_1)
                                         _047_ (net)
                  0.08    0.00    2.46 ^ _121_/A2 (sky130_fd_sc_hd__o21bai_1)
     1    0.01    0.07    0.09    2.54 v _121_/Y (sky130_fd_sc_hd__o21bai_1)
                                         net21 (net)
                  0.07    0.00    2.54 v output21/A (sky130_fd_sc_hd__buf_2)
     1    0.03    0.09    0.18    2.72 v output21/X (sky130_fd_sc_hd__buf_2)
                                         out[1] (net)
                  0.09    0.00    2.72 v out[1] (out)
                                  2.72   data arrival time

                  0.00    0.00    0.00   clock __VIRTUAL_CLK__ (rise edge)
                          0.00    0.00   clock network delay (ideal)
                          0.25    0.25   clock uncertainty
                          0.00    0.25   clock reconvergence pessimism
                         -2.00   -1.75   output external delay
                                 -1.75   data required time
-----------------------------------------------------------------------------
                                 -1.75   data required time
                                 -2.72   data arrival time
-----------------------------------------------------------------------------
                                  4.47   slack (MET)



worst slack corner Typical: 4.3253
