
===========================================================================
report_checks -unconstrained
===========================================================================
======================= Fastest Corner ===================================

Startpoint: _164_ (rising edge-triggered flip-flop clocked by clk)
Endpoint: an[1] (output port clocked by clk)
Path Group: clk
Path Type: max
Corner: Fastest

Fanout     Cap    Slew   Delay    Time   Description
-----------------------------------------------------------------------------
                          0.00    0.00   clock clk (rise edge)
                          0.00    0.00   clock source latency
     1    0.02    0.08    0.06    0.06 ^ clk (in)
                                         clk (net)
                  0.08    0.00    0.06 ^ clkbuf_0_clk/A (sky130_fd_sc_hd__clkbuf_16)
     2    0.02    0.03    0.10    0.17 ^ clkbuf_0_clk/X (sky130_fd_sc_hd__clkbuf_16)
                                         clknet_0_clk (net)
                  0.03    0.00    0.17 ^ clkbuf_1_0__f_clk/A (sky130_fd_sc_hd__clkbuf_16)
    11    0.04    0.04    0.10    0.26 ^ clkbuf_1_0__f_clk/X (sky130_fd_sc_hd__clkbuf_16)
                                         clknet_1_0__leaf_clk (net)
                  0.04    0.00    0.27 ^ _164_/CLK (sky130_fd_sc_hd__dfxtp_1)
     7    0.02    0.13    0.27    0.54 ^ _164_/Q (sky130_fd_sc_hd__dfxtp_1)
                                         display_module.pos[0] (net)
                  0.13    0.00    0.54 ^ _072_/B_N (sky130_fd_sc_hd__or2b_1)
     1    0.00    0.03    0.14    0.68 v _072_/X (sky130_fd_sc_hd__or2b_1)
                                         _037_ (net)
                  0.03    0.00    0.68 v _073_/A (sky130_fd_sc_hd__buf_1)
     1    0.01    0.04    0.08    0.76 v _073_/X (sky130_fd_sc_hd__buf_1)
                                         net2 (net)
                  0.04    0.00    0.77 v output2/A (sky130_fd_sc_hd__buf_2)
     1    0.03    0.06    0.13    0.89 v output2/X (sky130_fd_sc_hd__buf_2)
                                         an[1] (net)
                  0.06    0.00    0.90 v an[1] (out)
                                  0.90   data arrival time

                         10.00   10.00   clock clk (rise edge)
                          0.00   10.00   clock network delay (propagated)
                         -0.25    9.75   clock uncertainty
                          0.00    9.75   clock reconvergence pessimism
                         -2.00    7.75   output external delay
                                  7.75   data required time
-----------------------------------------------------------------------------
                                  7.75   data required time
                                 -0.90   data arrival time
-----------------------------------------------------------------------------
                                  6.85   slack (MET)



======================= Slowest Corner ===================================

Startpoint: _153_ (rising edge-triggered flip-flop clocked by clk)
Endpoint: _165_ (rising edge-triggered flip-flop clocked by clk)
Path Group: clk
Path Type: max
Corner: Slowest

Fanout     Cap    Slew   Delay    Time   Description
-----------------------------------------------------------------------------
                          0.00    0.00   clock clk (rise edge)
                          0.00    0.00   clock source latency
     1    0.02    0.18    0.13    0.13 ^ clk (in)
                                         clk (net)
                  0.18    0.00    0.13 ^ clkbuf_0_clk/A (sky130_fd_sc_hd__clkbuf_16)
     2    0.02    0.07    0.28    0.41 ^ clkbuf_0_clk/X (sky130_fd_sc_hd__clkbuf_16)
                                         clknet_0_clk (net)
                  0.07    0.00    0.41 ^ clkbuf_1_0__f_clk/A (sky130_fd_sc_hd__clkbuf_16)
    11    0.03    0.08    0.25    0.66 ^ clkbuf_1_0__f_clk/X (sky130_fd_sc_hd__clkbuf_16)
                                         clknet_1_0__leaf_clk (net)
                  0.08    0.00    0.66 ^ _153_/CLK (sky130_fd_sc_hd__dfxtp_1)
     4    0.01    0.21    0.78    1.44 ^ _153_/Q (sky130_fd_sc_hd__dfxtp_1)
                                         display_module.counter[9] (net)
                  0.21    0.00    1.44 ^ _080_/C_N (sky130_fd_sc_hd__or4bb_1)
     1    0.00    0.15    1.16    2.61 v _080_/X (sky130_fd_sc_hd__or4bb_1)
                                         _042_ (net)
                  0.15    0.00    2.61 v _081_/D (sky130_fd_sc_hd__or4_1)
     1    0.00    0.19    1.06    3.67 v _081_/X (sky130_fd_sc_hd__or4_1)
                                         _043_ (net)
                  0.19    0.00    3.67 v _083_/C (sky130_fd_sc_hd__nor4_1)
     3    0.01    0.82    0.83    4.50 ^ _083_/Y (sky130_fd_sc_hd__nor4_1)
                                         _045_ (net)
                  0.82    0.00    4.50 ^ max_cap5/A (sky130_fd_sc_hd__clkbuf_2)
     7    0.02    0.20    0.58    5.08 ^ max_cap5/X (sky130_fd_sc_hd__clkbuf_2)
                                         net5 (net)
                  0.20    0.00    5.08 ^ _139_/B (sky130_fd_sc_hd__nand2_1)
     2    0.01    0.12    0.19    5.28 v _139_/Y (sky130_fd_sc_hd__nand2_1)
                                         _033_ (net)
                  0.12    0.00    5.28 v _143_/A2 (sky130_fd_sc_hd__a21o_1)
     1    0.00    0.05    0.34    5.62 v _143_/X (sky130_fd_sc_hd__a21o_1)
                                         _021_ (net)
                  0.05    0.00    5.62 v hold17/A (sky130_fd_sc_hd__dlygate4sd3_1)
     1    0.00    0.10    1.16    6.77 v hold17/X (sky130_fd_sc_hd__dlygate4sd3_1)
                                         net29 (net)
                  0.10    0.00    6.77 v _165_/D (sky130_fd_sc_hd__dfxtp_1)
                                  6.77   data arrival time

                         10.00   10.00   clock clk (rise edge)
                          0.00   10.00   clock source latency
     1    0.02    0.18    0.12   10.12 ^ clk (in)
                                         clk (net)
                  0.18    0.00   10.12 ^ clkbuf_0_clk/A (sky130_fd_sc_hd__clkbuf_16)
     2    0.02    0.07    0.26   10.37 ^ clkbuf_0_clk/X (sky130_fd_sc_hd__clkbuf_16)
                                         clknet_0_clk (net)
                  0.07    0.00   10.37 ^ clkbuf_1_0__f_clk/A (sky130_fd_sc_hd__clkbuf_16)
    11    0.03    0.08    0.23   10.60 ^ clkbuf_1_0__f_clk/X (sky130_fd_sc_hd__clkbuf_16)
                                         clknet_1_0__leaf_clk (net)
                  0.08    0.00   10.60 ^ _165_/CLK (sky130_fd_sc_hd__dfxtp_1)
                         -0.25   10.35   clock uncertainty
                          0.06   10.41   clock reconvergence pessimism
                         -0.28   10.14   library setup time
                                 10.14   data required time
-----------------------------------------------------------------------------
                                 10.14   data required time
                                 -6.77   data arrival time
-----------------------------------------------------------------------------
                                  3.36   slack (MET)



======================= Typical Corner ===================================

Startpoint: _164_ (rising edge-triggered flip-flop clocked by clk)
Endpoint: an[1] (output port clocked by clk)
Path Group: clk
Path Type: max
Corner: Typical

Fanout     Cap    Slew   Delay    Time   Description
-----------------------------------------------------------------------------
                          0.00    0.00   clock clk (rise edge)
                          0.00    0.00   clock source latency
     1    0.02    0.11    0.08    0.08 ^ clk (in)
                                         clk (net)
                  0.11    0.00    0.08 ^ clkbuf_0_clk/A (sky130_fd_sc_hd__clkbuf_16)
     2    0.02    0.04    0.16    0.24 ^ clkbuf_0_clk/X (sky130_fd_sc_hd__clkbuf_16)
                                         clknet_0_clk (net)
                  0.04    0.00    0.24 ^ clkbuf_1_0__f_clk/A (sky130_fd_sc_hd__clkbuf_16)
    11    0.03    0.05    0.14    0.38 ^ clkbuf_1_0__f_clk/X (sky130_fd_sc_hd__clkbuf_16)
                                         clknet_1_0__leaf_clk (net)
                  0.06    0.00    0.39 ^ _164_/CLK (sky130_fd_sc_hd__dfxtp_1)
     7    0.02    0.17    0.42    0.80 ^ _164_/Q (sky130_fd_sc_hd__dfxtp_1)
                                         display_module.pos[0] (net)
                  0.17    0.00    0.80 ^ _072_/B_N (sky130_fd_sc_hd__or2b_1)
     1    0.00    0.05    0.25    1.06 v _072_/X (sky130_fd_sc_hd__or2b_1)
                                         _037_ (net)
                  0.05    0.00    1.06 v _073_/A (sky130_fd_sc_hd__buf_1)
     1    0.01    0.06    0.12    1.18 v _073_/X (sky130_fd_sc_hd__buf_1)
                                         net2 (net)
                  0.06    0.00    1.18 v output2/A (sky130_fd_sc_hd__buf_2)
     1    0.03    0.09    0.20    1.38 v output2/X (sky130_fd_sc_hd__buf_2)
                                         an[1] (net)
                  0.09    0.00    1.38 v an[1] (out)
                                  1.38   data arrival time

                         10.00   10.00   clock clk (rise edge)
                          0.00   10.00   clock network delay (propagated)
                         -0.25    9.75   clock uncertainty
                          0.00    9.75   clock reconvergence pessimism
                         -2.00    7.75   output external delay
                                  7.75   data required time
-----------------------------------------------------------------------------
                                  7.75   data required time
                                 -1.38   data arrival time
-----------------------------------------------------------------------------
                                  6.37   slack (MET)




===========================================================================
report_checks --slack_max -0.01
============================================================================
======================= Fastest Corner ===================================

No paths found.

======================= Slowest Corner ===================================

No paths found.

======================= Typical Corner ===================================

No paths found.


===========================================================================
 report_check_types -max_slew -max_cap -max_fanout -violators
============================================================================
======================= Fastest Corner ===================================

max fanout

Pin                                   Limit Fanout  Slack
---------------------------------------------------------
clkbuf_1_0__f_clk/X                      10     11        (VIOLATED)
clkbuf_1_1__f_clk/X                      10     11        (VIOLATED)


max slew violations count Fastest: 0
max fanout violations count Fastest: 2
max cap violations count Fastest: 0
======================= Slowest Corner ===================================

max slew

Pin                                    Limit    Slew   Slack
------------------------------------------------------------
_083_/Y                                 0.75    0.82   -0.07 (VIOLATED)
_127_/A                                 0.75    0.82   -0.07 (VIOLATED)
max_cap1/A                              0.75    0.82   -0.07 (VIOLATED)
max_cap5/A                              0.75    0.82   -0.07 (VIOLATED)

max fanout

Pin                                   Limit Fanout  Slack
---------------------------------------------------------
clkbuf_1_0__f_clk/X                      10     11        (VIOLATED)
clkbuf_1_1__f_clk/X                      10     11        (VIOLATED)


max slew violations count Slowest: 4
max fanout violations count Slowest: 2
max cap violations count Slowest: 0
======================= Typical Corner ===================================

max fanout

Pin                                   Limit Fanout  Slack
---------------------------------------------------------
clkbuf_1_0__f_clk/X                      10     11        (VIOLATED)
clkbuf_1_1__f_clk/X                      10     11        (VIOLATED)


max slew violations count Typical: 0
max fanout violations count Typical: 2
max cap violations count Typical: 0

===========================================================================
report_parasitic_annotation -report_unannotated
============================================================================
Found 9 unannotated drivers.
 control
 reset
 TopModule_10/HI
 TopModule_11/HI
 TopModule_12/LO
 TopModule_6/HI
 TopModule_7/HI
 TopModule_8/HI
 TopModule_9/HI
Found 0 partially unannotated drivers.

===========================================================================
max slew violation count 4
max fanout violation count 2
max cap violation count 0
============================================================================

===========================================================================
check_setup -verbose -unconstrained_endpoints -multiple_clock -no_clock -no_input_delay -loops -generated_clocks
===========================================================================
Warning: There are 7 unconstrained endpoints.
  seg[0]
  seg[1]
  seg[2]
  seg[3]
  seg[4]
  seg[5]
  seg[6]
