
===========================================================================
report_checks -path_delay max (Setup)
============================================================================
======================= Typical Corner ===================================

Startpoint: _164_ (rising edge-triggered flip-flop clocked by clk)
Endpoint: an[1] (output port clocked by clk)
Path Group: clk
Path Type: max

Fanout     Cap    Slew   Delay    Time   Description
-----------------------------------------------------------------------------
                  0.15    0.00    0.00   clock clk (rise edge)
                          0.00    0.00   clock network delay (ideal)
                  0.15    0.00    0.00 ^ _164_/CLK (sky130_fd_sc_hd__dfxtp_2)
     7    0.02    0.10    0.42    0.42 ^ _164_/Q (sky130_fd_sc_hd__dfxtp_2)
                                         display_module.pos[0] (net)
                  0.10    0.00    0.42 ^ _072_/B_N (sky130_fd_sc_hd__or2b_2)
     1    0.00    0.05    0.31    0.72 v _072_/X (sky130_fd_sc_hd__or2b_2)
                                         _037_ (net)
                  0.05    0.00    0.72 v _073_/A (sky130_fd_sc_hd__buf_1)
     1    0.04    0.23    0.26    0.98 v _073_/X (sky130_fd_sc_hd__buf_1)
                                         an[1] (net)
                  0.23    0.00    0.98 v an[1] (out)
                                  0.98   data arrival time

                  0.15   10.00   10.00   clock clk (rise edge)
                          0.00   10.00   clock network delay (ideal)
                         -0.25    9.75   clock uncertainty
                          0.00    9.75   clock reconvergence pessimism
                         -2.00    7.75   output external delay
                                  7.75   data required time
-----------------------------------------------------------------------------
                                  7.75   data required time
                                 -0.98   data arrival time
-----------------------------------------------------------------------------
                                  6.77   slack (MET)


Startpoint: _165_ (rising edge-triggered flip-flop clocked by clk)
Endpoint: an[2] (output port clocked by clk)
Path Group: clk
Path Type: max

Fanout     Cap    Slew   Delay    Time   Description
-----------------------------------------------------------------------------
                  0.15    0.00    0.00   clock clk (rise edge)
                          0.00    0.00   clock network delay (ideal)
                  0.15    0.00    0.00 ^ _165_/CLK (sky130_fd_sc_hd__dfxtp_2)
     6    0.01    0.08    0.40    0.40 ^ _165_/Q (sky130_fd_sc_hd__dfxtp_2)
                                         display_module.pos[1] (net)
                  0.08    0.00    0.40 ^ _074_/B_N (sky130_fd_sc_hd__or2b_2)
     1    0.00    0.05    0.30    0.70 v _074_/X (sky130_fd_sc_hd__or2b_2)
                                         _038_ (net)
                  0.05    0.00    0.70 v _075_/A (sky130_fd_sc_hd__buf_1)
     1    0.04    0.23    0.26    0.96 v _075_/X (sky130_fd_sc_hd__buf_1)
                                         an[2] (net)
                  0.23    0.00    0.96 v an[2] (out)
                                  0.96   data arrival time

                  0.15   10.00   10.00   clock clk (rise edge)
                          0.00   10.00   clock network delay (ideal)
                         -0.25    9.75   clock uncertainty
                          0.00    9.75   clock reconvergence pessimism
                         -2.00    7.75   output external delay
                                  7.75   data required time
-----------------------------------------------------------------------------
                                  7.75   data required time
                                 -0.96   data arrival time
-----------------------------------------------------------------------------
                                  6.79   slack (MET)


Startpoint: _153_ (rising edge-triggered flip-flop clocked by clk)
Endpoint: _164_ (rising edge-triggered flip-flop clocked by clk)
Path Group: clk
Path Type: max

Fanout     Cap    Slew   Delay    Time   Description
-----------------------------------------------------------------------------
                  0.15    0.00    0.00   clock clk (rise edge)
                          0.00    0.00   clock network delay (ideal)
                  0.15    0.00    0.00 ^ _153_/CLK (sky130_fd_sc_hd__dfxtp_2)
     5    0.02    0.10    0.42    0.42 ^ _153_/Q (sky130_fd_sc_hd__dfxtp_2)
                                         display_module.counter[9] (net)
                  0.10    0.00    0.42 ^ _080_/C_N (sky130_fd_sc_hd__or4bb_2)
     1    0.00    0.08    0.62    1.04 v _080_/X (sky130_fd_sc_hd__or4bb_2)
                                         _042_ (net)
                  0.08    0.00    1.04 v _081_/D (sky130_fd_sc_hd__or4_2)
     1    0.00    0.11    0.58    1.62 v _081_/X (sky130_fd_sc_hd__or4_2)
                                         _043_ (net)
                  0.11    0.00    1.62 v _083_/C (sky130_fd_sc_hd__nor4_2)
    10    0.04    0.96    0.85    2.47 ^ _083_/Y (sky130_fd_sc_hd__nor4_2)
                                         _045_ (net)
                  0.96    0.00    2.47 ^ _138_/B (sky130_fd_sc_hd__or2_2)
     1    0.00    0.05    0.24    2.71 ^ _138_/X (sky130_fd_sc_hd__or2_2)
                                         _032_ (net)
                  0.05    0.00    2.71 ^ _140_/A (sky130_fd_sc_hd__and2_2)
     1    0.00    0.04    0.13    2.84 ^ _140_/X (sky130_fd_sc_hd__and2_2)
                                         _034_ (net)
                  0.04    0.00    2.84 ^ _141_/A (sky130_fd_sc_hd__buf_1)
     1    0.00    0.04    0.07    2.92 ^ _141_/X (sky130_fd_sc_hd__buf_1)
                                         _020_ (net)
                  0.04    0.00    2.92 ^ _164_/D (sky130_fd_sc_hd__dfxtp_2)
                                  2.92   data arrival time

                  0.15   10.00   10.00   clock clk (rise edge)
                          0.00   10.00   clock network delay (ideal)
                         -0.25    9.75   clock uncertainty
                          0.00    9.75   clock reconvergence pessimism
                                  9.75 ^ _164_/CLK (sky130_fd_sc_hd__dfxtp_2)
                         -0.04    9.71   library setup time
                                  9.71   data required time
-----------------------------------------------------------------------------
                                  9.71   data required time
                                 -2.92   data arrival time
-----------------------------------------------------------------------------
                                  6.79   slack (MET)


Startpoint: _164_ (rising edge-triggered flip-flop clocked by clk)
Endpoint: an[0] (output port clocked by clk)
Path Group: clk
Path Type: max

Fanout     Cap    Slew   Delay    Time   Description
-----------------------------------------------------------------------------
                  0.15    0.00    0.00   clock clk (rise edge)
                          0.00    0.00   clock network delay (ideal)
                  0.15    0.00    0.00 ^ _164_/CLK (sky130_fd_sc_hd__dfxtp_2)
     7    0.02    0.05    0.39    0.39 v _164_/Q (sky130_fd_sc_hd__dfxtp_2)
                                         display_module.pos[0] (net)
                  0.05    0.00    0.39 v _070_/A (sky130_fd_sc_hd__or2_2)
     1    0.00    0.05    0.30    0.69 v _070_/X (sky130_fd_sc_hd__or2_2)
                                         _036_ (net)
                  0.05    0.00    0.69 v _071_/A (sky130_fd_sc_hd__buf_1)
     1    0.04    0.23    0.26    0.95 v _071_/X (sky130_fd_sc_hd__buf_1)
                                         an[0] (net)
                  0.23    0.00    0.95 v an[0] (out)
                                  0.95   data arrival time

                  0.15   10.00   10.00   clock clk (rise edge)
                          0.00   10.00   clock network delay (ideal)
                         -0.25    9.75   clock uncertainty
                          0.00    9.75   clock reconvergence pessimism
                         -2.00    7.75   output external delay
                                  7.75   data required time
-----------------------------------------------------------------------------
                                  7.75   data required time
                                 -0.95   data arrival time
-----------------------------------------------------------------------------
                                  6.80   slack (MET)


Startpoint: _153_ (rising edge-triggered flip-flop clocked by clk)
Endpoint: _160_ (rising edge-triggered flip-flop clocked by clk)
Path Group: clk
Path Type: max

Fanout     Cap    Slew   Delay    Time   Description
-----------------------------------------------------------------------------
                  0.15    0.00    0.00   clock clk (rise edge)
                          0.00    0.00   clock network delay (ideal)
                  0.15    0.00    0.00 ^ _153_/CLK (sky130_fd_sc_hd__dfxtp_2)
     5    0.02    0.10    0.42    0.42 ^ _153_/Q (sky130_fd_sc_hd__dfxtp_2)
                                         display_module.counter[9] (net)
                  0.10    0.00    0.42 ^ _080_/C_N (sky130_fd_sc_hd__or4bb_2)
     1    0.00    0.08    0.62    1.04 v _080_/X (sky130_fd_sc_hd__or4bb_2)
                                         _042_ (net)
                  0.08    0.00    1.04 v _081_/D (sky130_fd_sc_hd__or4_2)
     1    0.00    0.11    0.58    1.62 v _081_/X (sky130_fd_sc_hd__or4_2)
                                         _043_ (net)
                  0.11    0.00    1.62 v _083_/C (sky130_fd_sc_hd__nor4_2)
    10    0.04    0.96    0.85    2.47 ^ _083_/Y (sky130_fd_sc_hd__nor4_2)
                                         _045_ (net)
                  0.96    0.00    2.47 ^ _130_/A_N (sky130_fd_sc_hd__and3b_2)
     1    0.00    0.04    0.30    2.77 v _130_/X (sky130_fd_sc_hd__and3b_2)
                                         _028_ (net)
                  0.04    0.00    2.77 v _131_/A (sky130_fd_sc_hd__buf_1)
     1    0.00    0.02    0.08    2.86 v _131_/X (sky130_fd_sc_hd__buf_1)
                                         _016_ (net)
                  0.02    0.00    2.86 v _160_/D (sky130_fd_sc_hd__dfxtp_2)
                                  2.86   data arrival time

                  0.15   10.00   10.00   clock clk (rise edge)
                          0.00   10.00   clock network delay (ideal)
                         -0.25    9.75   clock uncertainty
                          0.00    9.75   clock reconvergence pessimism
                                  9.75 ^ _160_/CLK (sky130_fd_sc_hd__dfxtp_2)
                         -0.08    9.67   library setup time
                                  9.67   data required time
-----------------------------------------------------------------------------
                                  9.67   data required time
                                 -2.86   data arrival time
-----------------------------------------------------------------------------
                                  6.81   slack (MET)


Startpoint: _153_ (rising edge-triggered flip-flop clocked by clk)
Endpoint: _154_ (rising edge-triggered flip-flop clocked by clk)
Path Group: clk
Path Type: max

Fanout     Cap    Slew   Delay    Time   Description
-----------------------------------------------------------------------------
                  0.15    0.00    0.00   clock clk (rise edge)
                          0.00    0.00   clock network delay (ideal)
                  0.15    0.00    0.00 ^ _153_/CLK (sky130_fd_sc_hd__dfxtp_2)
     5    0.02    0.10    0.42    0.42 ^ _153_/Q (sky130_fd_sc_hd__dfxtp_2)
                                         display_module.counter[9] (net)
                  0.10    0.00    0.42 ^ _080_/C_N (sky130_fd_sc_hd__or4bb_2)
     1    0.00    0.08    0.62    1.04 v _080_/X (sky130_fd_sc_hd__or4bb_2)
                                         _042_ (net)
                  0.08    0.00    1.04 v _081_/D (sky130_fd_sc_hd__or4_2)
     1    0.00    0.11    0.58    1.62 v _081_/X (sky130_fd_sc_hd__or4_2)
                                         _043_ (net)
                  0.11    0.00    1.62 v _083_/C (sky130_fd_sc_hd__nor4_2)
    10    0.04    0.96    0.85    2.47 ^ _083_/Y (sky130_fd_sc_hd__nor4_2)
                                         _045_ (net)
                  0.96    0.00    2.47 ^ _112_/A_N (sky130_fd_sc_hd__and3b_2)
     1    0.00    0.04    0.30    2.77 v _112_/X (sky130_fd_sc_hd__and3b_2)
                                         _064_ (net)
                  0.04    0.00    2.77 v _113_/A (sky130_fd_sc_hd__buf_1)
     1    0.00    0.02    0.08    2.86 v _113_/X (sky130_fd_sc_hd__buf_1)
                                         _010_ (net)
                  0.02    0.00    2.86 v _154_/D (sky130_fd_sc_hd__dfxtp_2)
                                  2.86   data arrival time

                  0.15   10.00   10.00   clock clk (rise edge)
                          0.00   10.00   clock network delay (ideal)
                         -0.25    9.75   clock uncertainty
                          0.00    9.75   clock reconvergence pessimism
                                  9.75 ^ _154_/CLK (sky130_fd_sc_hd__dfxtp_2)
                         -0.08    9.67   library setup time
                                  9.67   data required time
-----------------------------------------------------------------------------
                                  9.67   data required time
                                 -2.86   data arrival time
-----------------------------------------------------------------------------
                                  6.82   slack (MET)


Startpoint: _153_ (rising edge-triggered flip-flop clocked by clk)
Endpoint: _165_ (rising edge-triggered flip-flop clocked by clk)
Path Group: clk
Path Type: max

Fanout     Cap    Slew   Delay    Time   Description
-----------------------------------------------------------------------------
                  0.15    0.00    0.00   clock clk (rise edge)
                          0.00    0.00   clock network delay (ideal)
                  0.15    0.00    0.00 ^ _153_/CLK (sky130_fd_sc_hd__dfxtp_2)
     5    0.02    0.10    0.42    0.42 ^ _153_/Q (sky130_fd_sc_hd__dfxtp_2)
                                         display_module.counter[9] (net)
                  0.10    0.00    0.42 ^ _080_/C_N (sky130_fd_sc_hd__or4bb_2)
     1    0.00    0.08    0.62    1.04 v _080_/X (sky130_fd_sc_hd__or4bb_2)
                                         _042_ (net)
                  0.08    0.00    1.04 v _081_/D (sky130_fd_sc_hd__or4_2)
     1    0.00    0.11    0.58    1.62 v _081_/X (sky130_fd_sc_hd__or4_2)
                                         _043_ (net)
                  0.11    0.00    1.62 v _083_/C (sky130_fd_sc_hd__nor4_2)
    10    0.04    0.96    0.85    2.47 ^ _083_/Y (sky130_fd_sc_hd__nor4_2)
                                         _045_ (net)
                  0.96    0.00    2.47 ^ _142_/B (sky130_fd_sc_hd__and3b_2)
     1    0.00    0.06    0.34    2.81 ^ _142_/X (sky130_fd_sc_hd__and3b_2)
                                         _035_ (net)
                  0.06    0.00    2.81 ^ _143_/B1 (sky130_fd_sc_hd__a21o_2)
     1    0.00    0.03    0.08    2.89 ^ _143_/X (sky130_fd_sc_hd__a21o_2)
                                         _021_ (net)
                  0.03    0.00    2.89 ^ _165_/D (sky130_fd_sc_hd__dfxtp_2)
                                  2.89   data arrival time

                  0.15   10.00   10.00   clock clk (rise edge)
                          0.00   10.00   clock network delay (ideal)
                         -0.25    9.75   clock uncertainty
                          0.00    9.75   clock reconvergence pessimism
                                  9.75 ^ _165_/CLK (sky130_fd_sc_hd__dfxtp_2)
                         -0.04    9.71   library setup time
                                  9.71   data required time
-----------------------------------------------------------------------------
                                  9.71   data required time
                                 -2.89   data arrival time
-----------------------------------------------------------------------------
                                  6.82   slack (MET)


Startpoint: _153_ (rising edge-triggered flip-flop clocked by clk)
Endpoint: _151_ (rising edge-triggered flip-flop clocked by clk)
Path Group: clk
Path Type: max

Fanout     Cap    Slew   Delay    Time   Description
-----------------------------------------------------------------------------
                  0.15    0.00    0.00   clock clk (rise edge)
                          0.00    0.00   clock network delay (ideal)
                  0.15    0.00    0.00 ^ _153_/CLK (sky130_fd_sc_hd__dfxtp_2)
     5    0.02    0.10    0.42    0.42 ^ _153_/Q (sky130_fd_sc_hd__dfxtp_2)
                                         display_module.counter[9] (net)
                  0.10    0.00    0.42 ^ _080_/C_N (sky130_fd_sc_hd__or4bb_2)
     1    0.00    0.08    0.62    1.04 v _080_/X (sky130_fd_sc_hd__or4bb_2)
                                         _042_ (net)
                  0.08    0.00    1.04 v _081_/D (sky130_fd_sc_hd__or4_2)
     1    0.00    0.11    0.58    1.62 v _081_/X (sky130_fd_sc_hd__or4_2)
                                         _043_ (net)
                  0.11    0.00    1.62 v _083_/C (sky130_fd_sc_hd__nor4_2)
    10    0.04    0.96    0.85    2.47 ^ _083_/Y (sky130_fd_sc_hd__nor4_2)
                                         _045_ (net)
                  0.96    0.00    2.47 ^ _103_/A (sky130_fd_sc_hd__nor2_2)
     1    0.00    0.12    0.07    2.55 v _103_/Y (sky130_fd_sc_hd__nor2_2)
                                         _058_ (net)
                  0.12    0.00    2.55 v _104_/B1 (sky130_fd_sc_hd__o21a_2)
     1    0.00    0.03    0.15    2.69 v _104_/X (sky130_fd_sc_hd__o21a_2)
                                         _007_ (net)
                  0.03    0.00    2.69 v _151_/D (sky130_fd_sc_hd__dfxtp_2)
                                  2.69   data arrival time

                  0.15   10.00   10.00   clock clk (rise edge)
                          0.00   10.00   clock network delay (ideal)
                         -0.25    9.75   clock uncertainty
                          0.00    9.75   clock reconvergence pessimism
                                  9.75 ^ _151_/CLK (sky130_fd_sc_hd__dfxtp_2)
                         -0.08    9.67   library setup time
                                  9.67   data required time
-----------------------------------------------------------------------------
                                  9.67   data required time
                                 -2.69   data arrival time
-----------------------------------------------------------------------------
                                  6.98   slack (MET)


Startpoint: _153_ (rising edge-triggered flip-flop clocked by clk)
Endpoint: _149_ (rising edge-triggered flip-flop clocked by clk)
Path Group: clk
Path Type: max

Fanout     Cap    Slew   Delay    Time   Description
-----------------------------------------------------------------------------
                  0.15    0.00    0.00   clock clk (rise edge)
                          0.00    0.00   clock network delay (ideal)
                  0.15    0.00    0.00 ^ _153_/CLK (sky130_fd_sc_hd__dfxtp_2)
     5    0.02    0.10    0.42    0.42 ^ _153_/Q (sky130_fd_sc_hd__dfxtp_2)
                                         display_module.counter[9] (net)
                  0.10    0.00    0.42 ^ _080_/C_N (sky130_fd_sc_hd__or4bb_2)
     1    0.00    0.08    0.62    1.04 v _080_/X (sky130_fd_sc_hd__or4bb_2)
                                         _042_ (net)
                  0.08    0.00    1.04 v _081_/D (sky130_fd_sc_hd__or4_2)
     1    0.00    0.11    0.58    1.62 v _081_/X (sky130_fd_sc_hd__or4_2)
                                         _043_ (net)
                  0.11    0.00    1.62 v _083_/C (sky130_fd_sc_hd__nor4_2)
    10    0.04    0.96    0.85    2.47 ^ _083_/Y (sky130_fd_sc_hd__nor4_2)
                                         _045_ (net)
                  0.96    0.00    2.47 ^ _097_/A (sky130_fd_sc_hd__nor3_2)
     1    0.00    0.13    0.10    2.58 v _097_/Y (sky130_fd_sc_hd__nor3_2)
                                         _005_ (net)
                  0.13    0.00    2.58 v _149_/D (sky130_fd_sc_hd__dfxtp_2)
                                  2.58   data arrival time

                  0.15   10.00   10.00   clock clk (rise edge)
                          0.00   10.00   clock network delay (ideal)
                         -0.25    9.75   clock uncertainty
                          0.00    9.75   clock reconvergence pessimism
                                  9.75 ^ _149_/CLK (sky130_fd_sc_hd__dfxtp_2)
                         -0.13    9.62   library setup time
                                  9.62   data required time
-----------------------------------------------------------------------------
                                  9.62   data required time
                                 -2.58   data arrival time
-----------------------------------------------------------------------------
                                  7.05   slack (MET)


Startpoint: _153_ (rising edge-triggered flip-flop clocked by clk)
Endpoint: _159_ (rising edge-triggered flip-flop clocked by clk)
Path Group: clk
Path Type: max

Fanout     Cap    Slew   Delay    Time   Description
-----------------------------------------------------------------------------
                  0.15    0.00    0.00   clock clk (rise edge)
                          0.00    0.00   clock network delay (ideal)
                  0.15    0.00    0.00 ^ _153_/CLK (sky130_fd_sc_hd__dfxtp_2)
     5    0.02    0.10    0.42    0.42 ^ _153_/Q (sky130_fd_sc_hd__dfxtp_2)
                                         display_module.counter[9] (net)
                  0.10    0.00    0.42 ^ _080_/C_N (sky130_fd_sc_hd__or4bb_2)
     1    0.00    0.08    0.62    1.04 v _080_/X (sky130_fd_sc_hd__or4bb_2)
                                         _042_ (net)
                  0.08    0.00    1.04 v _081_/D (sky130_fd_sc_hd__or4_2)
     1    0.00    0.11    0.58    1.62 v _081_/X (sky130_fd_sc_hd__or4_2)
                                         _043_ (net)
                  0.11    0.00    1.62 v _083_/C (sky130_fd_sc_hd__nor4_2)
    10    0.04    0.96    0.85    2.47 ^ _083_/Y (sky130_fd_sc_hd__nor4_2)
                                         _045_ (net)
                  0.96    0.00    2.47 ^ _127_/A (sky130_fd_sc_hd__nor3_2)
     1    0.00    0.13    0.10    2.57 v _127_/Y (sky130_fd_sc_hd__nor3_2)
                                         _015_ (net)
                  0.13    0.00    2.57 v _159_/D (sky130_fd_sc_hd__dfxtp_2)
                                  2.57   data arrival time

                  0.15   10.00   10.00   clock clk (rise edge)
                          0.00   10.00   clock network delay (ideal)
                         -0.25    9.75   clock uncertainty
                          0.00    9.75   clock reconvergence pessimism
                                  9.75 ^ _159_/CLK (sky130_fd_sc_hd__dfxtp_2)
                         -0.13    9.62   library setup time
                                  9.62   data required time
-----------------------------------------------------------------------------
                                  9.62   data required time
                                 -2.57   data arrival time
-----------------------------------------------------------------------------
                                  7.05   slack (MET)


Startpoint: _153_ (rising edge-triggered flip-flop clocked by clk)
Endpoint: _153_ (rising edge-triggered flip-flop clocked by clk)
Path Group: clk
Path Type: max

Fanout     Cap    Slew   Delay    Time   Description
-----------------------------------------------------------------------------
                  0.15    0.00    0.00   clock clk (rise edge)
                          0.00    0.00   clock network delay (ideal)
                  0.15    0.00    0.00 ^ _153_/CLK (sky130_fd_sc_hd__dfxtp_2)
     5    0.02    0.10    0.42    0.42 ^ _153_/Q (sky130_fd_sc_hd__dfxtp_2)
                                         display_module.counter[9] (net)
                  0.10    0.00    0.42 ^ _080_/C_N (sky130_fd_sc_hd__or4bb_2)
     1    0.00    0.08    0.62    1.04 v _080_/X (sky130_fd_sc_hd__or4bb_2)
                                         _042_ (net)
                  0.08    0.00    1.04 v _081_/D (sky130_fd_sc_hd__or4_2)
     1    0.00    0.11    0.58    1.62 v _081_/X (sky130_fd_sc_hd__or4_2)
                                         _043_ (net)
                  0.11    0.00    1.62 v _083_/C (sky130_fd_sc_hd__nor4_2)
    10    0.04    0.96    0.85    2.47 ^ _083_/Y (sky130_fd_sc_hd__nor4_2)
                                         _045_ (net)
                  0.96    0.00    2.47 ^ _107_/C1 (sky130_fd_sc_hd__a311oi_2)
     1    0.00    0.15    0.04    2.51 v _107_/Y (sky130_fd_sc_hd__a311oi_2)
                                         _009_ (net)
                  0.15    0.00    2.51 v _153_/D (sky130_fd_sc_hd__dfxtp_2)
                                  2.51   data arrival time

                  0.15   10.00   10.00   clock clk (rise edge)
                          0.00   10.00   clock network delay (ideal)
                         -0.25    9.75   clock uncertainty
                          0.00    9.75   clock reconvergence pessimism
                                  9.75 ^ _153_/CLK (sky130_fd_sc_hd__dfxtp_2)
                         -0.13    9.62   library setup time
                                  9.62   data required time
-----------------------------------------------------------------------------
                                  9.62   data required time
                                 -2.51   data arrival time
-----------------------------------------------------------------------------
                                  7.10   slack (MET)


Startpoint: _153_ (rising edge-triggered flip-flop clocked by clk)
Endpoint: _144_ (rising edge-triggered flip-flop clocked by clk)
Path Group: clk
Path Type: max

Fanout     Cap    Slew   Delay    Time   Description
-----------------------------------------------------------------------------
                  0.15    0.00    0.00   clock clk (rise edge)
                          0.00    0.00   clock network delay (ideal)
                  0.15    0.00    0.00 ^ _153_/CLK (sky130_fd_sc_hd__dfxtp_2)
     5    0.02    0.10    0.42    0.42 ^ _153_/Q (sky130_fd_sc_hd__dfxtp_2)
                                         display_module.counter[9] (net)
                  0.10    0.00    0.42 ^ _080_/C_N (sky130_fd_sc_hd__or4bb_2)
     1    0.00    0.08    0.62    1.04 v _080_/X (sky130_fd_sc_hd__or4bb_2)
                                         _042_ (net)
                  0.08    0.00    1.04 v _081_/D (sky130_fd_sc_hd__or4_2)
     1    0.00    0.11    0.58    1.62 v _081_/X (sky130_fd_sc_hd__or4_2)
                                         _043_ (net)
                  0.11    0.00    1.62 v _083_/C (sky130_fd_sc_hd__nor4_2)
    10    0.04    0.96    0.85    2.47 ^ _083_/Y (sky130_fd_sc_hd__nor4_2)
                                         _045_ (net)
                  0.96    0.00    2.47 ^ _084_/B (sky130_fd_sc_hd__nor2_2)
     1    0.00    0.11    0.02    2.49 v _084_/Y (sky130_fd_sc_hd__nor2_2)
                                         _000_ (net)
                  0.11    0.00    2.49 v _144_/D (sky130_fd_sc_hd__dfxtp_2)
                                  2.49   data arrival time

                  0.15   10.00   10.00   clock clk (rise edge)
                          0.00   10.00   clock network delay (ideal)
                         -0.25    9.75   clock uncertainty
                          0.00    9.75   clock reconvergence pessimism
                                  9.75 ^ _144_/CLK (sky130_fd_sc_hd__dfxtp_2)
                         -0.12    9.63   library setup time
                                  9.63   data required time
-----------------------------------------------------------------------------
                                  9.63   data required time
                                 -2.49   data arrival time
-----------------------------------------------------------------------------
                                  7.14   slack (MET)


Startpoint: _164_ (rising edge-triggered flip-flop clocked by clk)
Endpoint: an[3] (output port clocked by clk)
Path Group: clk
Path Type: max

Fanout     Cap    Slew   Delay    Time   Description
-----------------------------------------------------------------------------
                  0.15    0.00    0.00   clock clk (rise edge)
                          0.00    0.00   clock network delay (ideal)
                  0.15    0.00    0.00 ^ _164_/CLK (sky130_fd_sc_hd__dfxtp_2)
     7    0.02    0.10    0.42    0.42 ^ _164_/Q (sky130_fd_sc_hd__dfxtp_2)
                                         display_module.pos[0] (net)
                  0.10    0.00    0.42 ^ _076_/A (sky130_fd_sc_hd__nand2_2)
     1    0.04    0.16    0.17    0.59 v _076_/Y (sky130_fd_sc_hd__nand2_2)
                                         an[3] (net)
                  0.16    0.00    0.59 v an[3] (out)
                                  0.59   data arrival time

                  0.15   10.00   10.00   clock clk (rise edge)
                          0.00   10.00   clock network delay (ideal)
                         -0.25    9.75   clock uncertainty
                          0.00    9.75   clock reconvergence pessimism
                         -2.00    7.75   output external delay
                                  7.75   data required time
-----------------------------------------------------------------------------
                                  7.75   data required time
                                 -0.59   data arrival time
-----------------------------------------------------------------------------
                                  7.16   slack (MET)


Startpoint: _146_ (rising edge-triggered flip-flop clocked by clk)
Endpoint: _162_ (rising edge-triggered flip-flop clocked by clk)
Path Group: clk
Path Type: max

Fanout     Cap    Slew   Delay    Time   Description
-----------------------------------------------------------------------------
                  0.15    0.00    0.00   clock clk (rise edge)
                          0.00    0.00   clock network delay (ideal)
                  0.15    0.00    0.00 ^ _146_/CLK (sky130_fd_sc_hd__dfxtp_2)
     4    0.02    0.09    0.41    0.41 ^ _146_/Q (sky130_fd_sc_hd__dfxtp_2)
                                         display_module.counter[2] (net)
                  0.09    0.00    0.41 ^ _090_/D (sky130_fd_sc_hd__and4_2)
     5    0.02    0.13    0.32    0.73 ^ _090_/X (sky130_fd_sc_hd__and4_2)
                                         _049_ (net)
                  0.13    0.00    0.73 ^ _098_/D (sky130_fd_sc_hd__and4_2)
     5    0.01    0.10    0.30    1.03 ^ _098_/X (sky130_fd_sc_hd__and4_2)
                                         _054_ (net)
                  0.10    0.00    1.03 ^ _114_/C (sky130_fd_sc_hd__and4_2)
     1    0.00    0.05    0.22    1.26 ^ _114_/X (sky130_fd_sc_hd__and4_2)
                                         _065_ (net)
                  0.05    0.00    1.26 ^ _115_/A (sky130_fd_sc_hd__buf_1)
     6    0.03    0.30    0.28    1.53 ^ _115_/X (sky130_fd_sc_hd__buf_1)
                                         _066_ (net)
                  0.30    0.00    1.54 ^ _126_/C (sky130_fd_sc_hd__and4_2)
     5    0.02    0.12    0.35    1.89 ^ _126_/X (sky130_fd_sc_hd__and4_2)
                                         _025_ (net)
                  0.12    0.00    1.89 ^ _133_/D (sky130_fd_sc_hd__and4_2)
     2    0.01    0.09    0.28    2.17 ^ _133_/X (sky130_fd_sc_hd__and4_2)
                                         _029_ (net)
                  0.09    0.00    2.17 ^ _135_/A_N (sky130_fd_sc_hd__and2b_2)
     1    0.00    0.03    0.22    2.39 v _135_/X (sky130_fd_sc_hd__and2b_2)
                                         _031_ (net)
                  0.03    0.00    2.39 v _136_/A (sky130_fd_sc_hd__buf_1)
     1    0.00    0.02    0.08    2.47 v _136_/X (sky130_fd_sc_hd__buf_1)
                                         _018_ (net)
                  0.02    0.00    2.47 v _162_/D (sky130_fd_sc_hd__dfxtp_2)
                                  2.47   data arrival time

                  0.15   10.00   10.00   clock clk (rise edge)
                          0.00   10.00   clock network delay (ideal)
                         -0.25    9.75   clock uncertainty
                          0.00    9.75   clock reconvergence pessimism
                                  9.75 ^ _162_/CLK (sky130_fd_sc_hd__dfxtp_2)
                         -0.08    9.67   library setup time
                                  9.67   data required time
-----------------------------------------------------------------------------
                                  9.67   data required time
                                 -2.47   data arrival time
-----------------------------------------------------------------------------
                                  7.20   slack (MET)


Startpoint: _146_ (rising edge-triggered flip-flop clocked by clk)
Endpoint: _163_ (rising edge-triggered flip-flop clocked by clk)
Path Group: clk
Path Type: max

Fanout     Cap    Slew   Delay    Time   Description
-----------------------------------------------------------------------------
                  0.15    0.00    0.00   clock clk (rise edge)
                          0.00    0.00   clock network delay (ideal)
                  0.15    0.00    0.00 ^ _146_/CLK (sky130_fd_sc_hd__dfxtp_2)
     4    0.02    0.09    0.41    0.41 ^ _146_/Q (sky130_fd_sc_hd__dfxtp_2)
                                         display_module.counter[2] (net)
                  0.09    0.00    0.41 ^ _090_/D (sky130_fd_sc_hd__and4_2)
     5    0.02    0.13    0.32    0.73 ^ _090_/X (sky130_fd_sc_hd__and4_2)
                                         _049_ (net)
                  0.13    0.00    0.73 ^ _098_/D (sky130_fd_sc_hd__and4_2)
     5    0.01    0.10    0.30    1.03 ^ _098_/X (sky130_fd_sc_hd__and4_2)
                                         _054_ (net)
                  0.10    0.00    1.03 ^ _114_/C (sky130_fd_sc_hd__and4_2)
     1    0.00    0.05    0.22    1.26 ^ _114_/X (sky130_fd_sc_hd__and4_2)
                                         _065_ (net)
                  0.05    0.00    1.26 ^ _115_/A (sky130_fd_sc_hd__buf_1)
     6    0.03    0.30    0.28    1.53 ^ _115_/X (sky130_fd_sc_hd__buf_1)
                                         _066_ (net)
                  0.30    0.00    1.54 ^ _126_/C (sky130_fd_sc_hd__and4_2)
     5    0.02    0.12    0.35    1.89 ^ _126_/X (sky130_fd_sc_hd__and4_2)
                                         _025_ (net)
                  0.12    0.00    1.89 ^ _133_/D (sky130_fd_sc_hd__and4_2)
     2    0.01    0.09    0.28    2.17 ^ _133_/X (sky130_fd_sc_hd__and4_2)
                                         _029_ (net)
                  0.09    0.00    2.17 ^ _137_/B (sky130_fd_sc_hd__xor2_2)
     1    0.00    0.08    0.12    2.29 ^ _137_/X (sky130_fd_sc_hd__xor2_2)
                                         _019_ (net)
                  0.08    0.00    2.29 ^ _163_/D (sky130_fd_sc_hd__dfxtp_2)
                                  2.29   data arrival time

                  0.15   10.00   10.00   clock clk (rise edge)
                          0.00   10.00   clock network delay (ideal)
                         -0.25    9.75   clock uncertainty
                          0.00    9.75   clock reconvergence pessimism
                                  9.75 ^ _163_/CLK (sky130_fd_sc_hd__dfxtp_2)
                         -0.05    9.70   library setup time
                                  9.70   data required time
-----------------------------------------------------------------------------
                                  9.70   data required time
                                 -2.29   data arrival time
-----------------------------------------------------------------------------
                                  7.41   slack (MET)


Startpoint: _146_ (rising edge-triggered flip-flop clocked by clk)
Endpoint: _161_ (rising edge-triggered flip-flop clocked by clk)
Path Group: clk
Path Type: max

Fanout     Cap    Slew   Delay    Time   Description
-----------------------------------------------------------------------------
                  0.15    0.00    0.00   clock clk (rise edge)
                          0.00    0.00   clock network delay (ideal)
                  0.15    0.00    0.00 ^ _146_/CLK (sky130_fd_sc_hd__dfxtp_2)
     4    0.02    0.09    0.41    0.41 ^ _146_/Q (sky130_fd_sc_hd__dfxtp_2)
                                         display_module.counter[2] (net)
                  0.09    0.00    0.41 ^ _090_/D (sky130_fd_sc_hd__and4_2)
     5    0.02    0.13    0.32    0.73 ^ _090_/X (sky130_fd_sc_hd__and4_2)
                                         _049_ (net)
                  0.13    0.00    0.73 ^ _098_/D (sky130_fd_sc_hd__and4_2)
     5    0.01    0.10    0.30    1.03 ^ _098_/X (sky130_fd_sc_hd__and4_2)
                                         _054_ (net)
                  0.10    0.00    1.03 ^ _114_/C (sky130_fd_sc_hd__and4_2)
     1    0.00    0.05    0.22    1.26 ^ _114_/X (sky130_fd_sc_hd__and4_2)
                                         _065_ (net)
                  0.05    0.00    1.26 ^ _115_/A (sky130_fd_sc_hd__buf_1)
     6    0.03    0.30    0.28    1.53 ^ _115_/X (sky130_fd_sc_hd__buf_1)
                                         _066_ (net)
                  0.30    0.00    1.54 ^ _126_/C (sky130_fd_sc_hd__and4_2)
     5    0.02    0.12    0.35    1.89 ^ _126_/X (sky130_fd_sc_hd__and4_2)
                                         _025_ (net)
                  0.12    0.00    1.89 ^ _129_/B (sky130_fd_sc_hd__nand2_2)
     2    0.01    0.05    0.09    1.97 v _129_/Y (sky130_fd_sc_hd__nand2_2)
                                         _027_ (net)
                  0.05    0.00    1.97 v _132_/B (sky130_fd_sc_hd__xnor2_2)
     1    0.00    0.04    0.13    2.10 v _132_/Y (sky130_fd_sc_hd__xnor2_2)
                                         _017_ (net)
                  0.04    0.00    2.10 v _161_/D (sky130_fd_sc_hd__dfxtp_2)
                                  2.10   data arrival time

                  0.15   10.00   10.00   clock clk (rise edge)
                          0.00   10.00   clock network delay (ideal)
                         -0.25    9.75   clock uncertainty
                          0.00    9.75   clock reconvergence pessimism
                                  9.75 ^ _161_/CLK (sky130_fd_sc_hd__dfxtp_2)
                         -0.09    9.66   library setup time
                                  9.66   data required time
-----------------------------------------------------------------------------
                                  9.66   data required time
                                 -2.10   data arrival time
-----------------------------------------------------------------------------
                                  7.56   slack (MET)


Startpoint: _146_ (rising edge-triggered flip-flop clocked by clk)
Endpoint: _158_ (rising edge-triggered flip-flop clocked by clk)
Path Group: clk
Path Type: max

Fanout     Cap    Slew   Delay    Time   Description
-----------------------------------------------------------------------------
                  0.15    0.00    0.00   clock clk (rise edge)
                          0.00    0.00   clock network delay (ideal)
                  0.15    0.00    0.00 ^ _146_/CLK (sky130_fd_sc_hd__dfxtp_2)
     4    0.02    0.09    0.41    0.41 ^ _146_/Q (sky130_fd_sc_hd__dfxtp_2)
                                         display_module.counter[2] (net)
                  0.09    0.00    0.41 ^ _090_/D (sky130_fd_sc_hd__and4_2)
     5    0.02    0.13    0.32    0.73 ^ _090_/X (sky130_fd_sc_hd__and4_2)
                                         _049_ (net)
                  0.13    0.00    0.73 ^ _098_/D (sky130_fd_sc_hd__and4_2)
     5    0.01    0.10    0.30    1.03 ^ _098_/X (sky130_fd_sc_hd__and4_2)
                                         _054_ (net)
                  0.10    0.00    1.03 ^ _114_/C (sky130_fd_sc_hd__and4_2)
     1    0.00    0.05    0.22    1.26 ^ _114_/X (sky130_fd_sc_hd__and4_2)
                                         _065_ (net)
                  0.05    0.00    1.26 ^ _115_/A (sky130_fd_sc_hd__buf_1)
     6    0.03    0.30    0.28    1.53 ^ _115_/X (sky130_fd_sc_hd__buf_1)
                                         _066_ (net)
                  0.30    0.00    1.54 ^ _123_/B (sky130_fd_sc_hd__and3_2)
     2    0.01    0.06    0.26    1.80 ^ _123_/X (sky130_fd_sc_hd__and3_2)
                                         _023_ (net)
                  0.06    0.00    1.80 ^ _124_/B1_N (sky130_fd_sc_hd__o21ba_2)
     1    0.00    0.03    0.16    1.95 v _124_/X (sky130_fd_sc_hd__o21ba_2)
                                         _014_ (net)
                  0.03    0.00    1.95 v _158_/D (sky130_fd_sc_hd__dfxtp_2)
                                  1.95   data arrival time

                  0.15   10.00   10.00   clock clk (rise edge)
                          0.00   10.00   clock network delay (ideal)
                         -0.25    9.75   clock uncertainty
                          0.00    9.75   clock reconvergence pessimism
                                  9.75 ^ _158_/CLK (sky130_fd_sc_hd__dfxtp_2)
                         -0.08    9.67   library setup time
                                  9.67   data required time
-----------------------------------------------------------------------------
                                  9.67   data required time
                                 -1.95   data arrival time
-----------------------------------------------------------------------------
                                  7.71   slack (MET)


Startpoint: _146_ (rising edge-triggered flip-flop clocked by clk)
Endpoint: _157_ (rising edge-triggered flip-flop clocked by clk)
Path Group: clk
Path Type: max

Fanout     Cap    Slew   Delay    Time   Description
-----------------------------------------------------------------------------
                  0.15    0.00    0.00   clock clk (rise edge)
                          0.00    0.00   clock network delay (ideal)
                  0.15    0.00    0.00 ^ _146_/CLK (sky130_fd_sc_hd__dfxtp_2)
     4    0.02    0.09    0.41    0.41 ^ _146_/Q (sky130_fd_sc_hd__dfxtp_2)
                                         display_module.counter[2] (net)
                  0.09    0.00    0.41 ^ _090_/D (sky130_fd_sc_hd__and4_2)
     5    0.02    0.13    0.32    0.73 ^ _090_/X (sky130_fd_sc_hd__and4_2)
                                         _049_ (net)
                  0.13    0.00    0.73 ^ _098_/D (sky130_fd_sc_hd__and4_2)
     5    0.01    0.10    0.30    1.03 ^ _098_/X (sky130_fd_sc_hd__and4_2)
                                         _054_ (net)
                  0.10    0.00    1.03 ^ _114_/C (sky130_fd_sc_hd__and4_2)
     1    0.00    0.05    0.22    1.26 ^ _114_/X (sky130_fd_sc_hd__and4_2)
                                         _065_ (net)
                  0.05    0.00    1.26 ^ _115_/A (sky130_fd_sc_hd__buf_1)
     6    0.03    0.30    0.28    1.53 ^ _115_/X (sky130_fd_sc_hd__buf_1)
                                         _066_ (net)
                  0.30    0.00    1.54 ^ _120_/C (sky130_fd_sc_hd__and3_2)
     2    0.01    0.07    0.26    1.79 ^ _120_/X (sky130_fd_sc_hd__and3_2)
                                         _069_ (net)
                  0.07    0.00    1.79 ^ _121_/B (sky130_fd_sc_hd__nor2_2)
     1    0.00    0.03    0.03    1.83 v _121_/Y (sky130_fd_sc_hd__nor2_2)
                                         _013_ (net)
                  0.03    0.00    1.83 v _157_/D (sky130_fd_sc_hd__dfxtp_2)
                                  1.83   data arrival time

                  0.15   10.00   10.00   clock clk (rise edge)
                          0.00   10.00   clock network delay (ideal)
                         -0.25    9.75   clock uncertainty
                          0.00    9.75   clock reconvergence pessimism
                                  9.75 ^ _157_/CLK (sky130_fd_sc_hd__dfxtp_2)
                         -0.08    9.67   library setup time
                                  9.67   data required time
-----------------------------------------------------------------------------
                                  9.67   data required time
                                 -1.83   data arrival time
-----------------------------------------------------------------------------
                                  7.84   slack (MET)


Startpoint: _146_ (rising edge-triggered flip-flop clocked by clk)
Endpoint: _156_ (rising edge-triggered flip-flop clocked by clk)
Path Group: clk
Path Type: max

Fanout     Cap    Slew   Delay    Time   Description
-----------------------------------------------------------------------------
                  0.15    0.00    0.00   clock clk (rise edge)
                          0.00    0.00   clock network delay (ideal)
                  0.15    0.00    0.00 ^ _146_/CLK (sky130_fd_sc_hd__dfxtp_2)
     4    0.02    0.09    0.41    0.41 ^ _146_/Q (sky130_fd_sc_hd__dfxtp_2)
                                         display_module.counter[2] (net)
                  0.09    0.00    0.41 ^ _090_/D (sky130_fd_sc_hd__and4_2)
     5    0.02    0.13    0.32    0.73 ^ _090_/X (sky130_fd_sc_hd__and4_2)
                                         _049_ (net)
                  0.13    0.00    0.73 ^ _098_/D (sky130_fd_sc_hd__and4_2)
     5    0.01    0.10    0.30    1.03 ^ _098_/X (sky130_fd_sc_hd__and4_2)
                                         _054_ (net)
                  0.10    0.00    1.03 ^ _114_/C (sky130_fd_sc_hd__and4_2)
     1    0.00    0.05    0.22    1.26 ^ _114_/X (sky130_fd_sc_hd__and4_2)
                                         _065_ (net)
                  0.05    0.00    1.26 ^ _115_/A (sky130_fd_sc_hd__buf_1)
     6    0.03    0.30    0.28    1.53 ^ _115_/X (sky130_fd_sc_hd__buf_1)
                                         _066_ (net)
                  0.30    0.00    1.54 ^ _118_/B (sky130_fd_sc_hd__xor2_2)
     1    0.00    0.08    0.15    1.68 ^ _118_/X (sky130_fd_sc_hd__xor2_2)
                                         _012_ (net)
                  0.08    0.00    1.68 ^ _156_/D (sky130_fd_sc_hd__dfxtp_2)
                                  1.68   data arrival time

                  0.15   10.00   10.00   clock clk (rise edge)
                          0.00   10.00   clock network delay (ideal)
                         -0.25    9.75   clock uncertainty
                          0.00    9.75   clock reconvergence pessimism
                                  9.75 ^ _156_/CLK (sky130_fd_sc_hd__dfxtp_2)
                         -0.05    9.70   library setup time
                                  9.70   data required time
-----------------------------------------------------------------------------
                                  9.70   data required time
                                 -1.68   data arrival time
-----------------------------------------------------------------------------
                                  8.01   slack (MET)


Startpoint: _146_ (rising edge-triggered flip-flop clocked by clk)
Endpoint: _155_ (rising edge-triggered flip-flop clocked by clk)
Path Group: clk
Path Type: max

Fanout     Cap    Slew   Delay    Time   Description
-----------------------------------------------------------------------------
                  0.15    0.00    0.00   clock clk (rise edge)
                          0.00    0.00   clock network delay (ideal)
                  0.15    0.00    0.00 ^ _146_/CLK (sky130_fd_sc_hd__dfxtp_2)
     4    0.02    0.09    0.41    0.41 ^ _146_/Q (sky130_fd_sc_hd__dfxtp_2)
                                         display_module.counter[2] (net)
                  0.09    0.00    0.41 ^ _090_/D (sky130_fd_sc_hd__and4_2)
     5    0.02    0.13    0.32    0.73 ^ _090_/X (sky130_fd_sc_hd__and4_2)
                                         _049_ (net)
                  0.13    0.00    0.73 ^ _098_/D (sky130_fd_sc_hd__and4_2)
     5    0.01    0.10    0.30    1.03 ^ _098_/X (sky130_fd_sc_hd__and4_2)
                                         _054_ (net)
                  0.10    0.00    1.03 ^ _114_/C (sky130_fd_sc_hd__and4_2)
     1    0.00    0.05    0.22    1.26 ^ _114_/X (sky130_fd_sc_hd__and4_2)
                                         _065_ (net)
                  0.05    0.00    1.26 ^ _115_/A (sky130_fd_sc_hd__buf_1)
     6    0.03    0.30    0.28    1.53 ^ _115_/X (sky130_fd_sc_hd__buf_1)
                                         _066_ (net)
                  0.30    0.00    1.53 ^ _117_/A (sky130_fd_sc_hd__nor2_2)
     1    0.00    0.05    0.07    1.60 v _117_/Y (sky130_fd_sc_hd__nor2_2)
                                         _011_ (net)
                  0.05    0.00    1.60 v _155_/D (sky130_fd_sc_hd__dfxtp_2)
                                  1.60   data arrival time

                  0.15   10.00   10.00   clock clk (rise edge)
                          0.00   10.00   clock network delay (ideal)
                         -0.25    9.75   clock uncertainty
                          0.00    9.75   clock reconvergence pessimism
                                  9.75 ^ _155_/CLK (sky130_fd_sc_hd__dfxtp_2)
                         -0.09    9.66   library setup time
                                  9.66   data required time
-----------------------------------------------------------------------------
                                  9.66   data required time
                                 -1.60   data arrival time
-----------------------------------------------------------------------------
                                  8.06   slack (MET)


Startpoint: _146_ (rising edge-triggered flip-flop clocked by clk)
Endpoint: _152_ (rising edge-triggered flip-flop clocked by clk)
Path Group: clk
Path Type: max

Fanout     Cap    Slew   Delay    Time   Description
-----------------------------------------------------------------------------
                  0.15    0.00    0.00   clock clk (rise edge)
                          0.00    0.00   clock network delay (ideal)
                  0.15    0.00    0.00 ^ _146_/CLK (sky130_fd_sc_hd__dfxtp_2)
     4    0.02    0.09    0.41    0.41 ^ _146_/Q (sky130_fd_sc_hd__dfxtp_2)
                                         display_module.counter[2] (net)
                  0.09    0.00    0.41 ^ _090_/D (sky130_fd_sc_hd__and4_2)
     5    0.02    0.13    0.32    0.73 ^ _090_/X (sky130_fd_sc_hd__and4_2)
                                         _049_ (net)
                  0.13    0.00    0.73 ^ _098_/D (sky130_fd_sc_hd__and4_2)
     5    0.01    0.10    0.30    1.03 ^ _098_/X (sky130_fd_sc_hd__and4_2)
                                         _054_ (net)
                  0.10    0.00    1.03 ^ _101_/B (sky130_fd_sc_hd__and2_2)
     1    0.00    0.04    0.15    1.18 ^ _101_/X (sky130_fd_sc_hd__and2_2)
                                         _056_ (net)
                  0.04    0.00    1.18 ^ _102_/A (sky130_fd_sc_hd__buf_1)
     5    0.03    0.32    0.28    1.46 ^ _102_/X (sky130_fd_sc_hd__buf_1)
                                         _057_ (net)
                  0.32    0.00    1.46 ^ _105_/B (sky130_fd_sc_hd__xor2_2)
     1    0.00    0.08    0.15    1.61 ^ _105_/X (sky130_fd_sc_hd__xor2_2)
                                         _008_ (net)
                  0.08    0.00    1.61 ^ _152_/D (sky130_fd_sc_hd__dfxtp_2)
                                  1.61   data arrival time

                  0.15   10.00   10.00   clock clk (rise edge)
                          0.00   10.00   clock network delay (ideal)
                         -0.25    9.75   clock uncertainty
                          0.00    9.75   clock reconvergence pessimism
                                  9.75 ^ _152_/CLK (sky130_fd_sc_hd__dfxtp_2)
                         -0.05    9.70   library setup time
                                  9.70   data required time
-----------------------------------------------------------------------------
                                  9.70   data required time
                                 -1.61   data arrival time
-----------------------------------------------------------------------------
                                  8.08   slack (MET)


Startpoint: _146_ (rising edge-triggered flip-flop clocked by clk)
Endpoint: _150_ (rising edge-triggered flip-flop clocked by clk)
Path Group: clk
Path Type: max

Fanout     Cap    Slew   Delay    Time   Description
-----------------------------------------------------------------------------
                  0.15    0.00    0.00   clock clk (rise edge)
                          0.00    0.00   clock network delay (ideal)
                  0.15    0.00    0.00 ^ _146_/CLK (sky130_fd_sc_hd__dfxtp_2)
     4    0.02    0.09    0.41    0.41 ^ _146_/Q (sky130_fd_sc_hd__dfxtp_2)
                                         display_module.counter[2] (net)
                  0.09    0.00    0.41 ^ _090_/D (sky130_fd_sc_hd__and4_2)
     5    0.02    0.13    0.32    0.73 ^ _090_/X (sky130_fd_sc_hd__and4_2)
                                         _049_ (net)
                  0.13    0.00    0.73 ^ _098_/D (sky130_fd_sc_hd__and4_2)
     5    0.01    0.10    0.30    1.03 ^ _098_/X (sky130_fd_sc_hd__and4_2)
                                         _054_ (net)
                  0.10    0.00    1.03 ^ _100_/A (sky130_fd_sc_hd__nor2_2)
     1    0.00    0.03    0.05    1.08 v _100_/Y (sky130_fd_sc_hd__nor2_2)
                                         _006_ (net)
                  0.03    0.00    1.08 v _150_/D (sky130_fd_sc_hd__dfxtp_2)
                                  1.08   data arrival time

                  0.15   10.00   10.00   clock clk (rise edge)
                          0.00   10.00   clock network delay (ideal)
                         -0.25    9.75   clock uncertainty
                          0.00    9.75   clock reconvergence pessimism
                                  9.75 ^ _150_/CLK (sky130_fd_sc_hd__dfxtp_2)
                         -0.08    9.67   library setup time
                                  9.67   data required time
-----------------------------------------------------------------------------
                                  9.67   data required time
                                 -1.08   data arrival time
-----------------------------------------------------------------------------
                                  8.59   slack (MET)


Startpoint: _146_ (rising edge-triggered flip-flop clocked by clk)
Endpoint: _147_ (rising edge-triggered flip-flop clocked by clk)
Path Group: clk
Path Type: max

Fanout     Cap    Slew   Delay    Time   Description
-----------------------------------------------------------------------------
                  0.15    0.00    0.00   clock clk (rise edge)
                          0.00    0.00   clock network delay (ideal)
                  0.15    0.00    0.00 ^ _146_/CLK (sky130_fd_sc_hd__dfxtp_2)
     4    0.02    0.09    0.41    0.41 ^ _146_/Q (sky130_fd_sc_hd__dfxtp_2)
                                         display_module.counter[2] (net)
                  0.09    0.00    0.41 ^ _090_/D (sky130_fd_sc_hd__and4_2)
     5    0.02    0.13    0.32    0.73 ^ _090_/X (sky130_fd_sc_hd__and4_2)
                                         _049_ (net)
                  0.13    0.00    0.73 ^ _092_/A_N (sky130_fd_sc_hd__and2b_2)
     1    0.00    0.03    0.24    0.97 v _092_/X (sky130_fd_sc_hd__and2b_2)
                                         _051_ (net)
                  0.03    0.00    0.97 v _093_/A (sky130_fd_sc_hd__buf_1)
     1    0.00    0.02    0.08    1.05 v _093_/X (sky130_fd_sc_hd__buf_1)
                                         _003_ (net)
                  0.02    0.00    1.05 v _147_/D (sky130_fd_sc_hd__dfxtp_2)
                                  1.05   data arrival time

                  0.15   10.00   10.00   clock clk (rise edge)
                          0.00   10.00   clock network delay (ideal)
                         -0.25    9.75   clock uncertainty
                          0.00    9.75   clock reconvergence pessimism
                                  9.75 ^ _147_/CLK (sky130_fd_sc_hd__dfxtp_2)
                         -0.08    9.67   library setup time
                                  9.67   data required time
-----------------------------------------------------------------------------
                                  9.67   data required time
                                 -1.05   data arrival time
-----------------------------------------------------------------------------
                                  8.62   slack (MET)


Startpoint: _145_ (rising edge-triggered flip-flop clocked by clk)
Endpoint: _145_ (rising edge-triggered flip-flop clocked by clk)
Path Group: clk
Path Type: max

Fanout     Cap    Slew   Delay    Time   Description
-----------------------------------------------------------------------------
                  0.15    0.00    0.00   clock clk (rise edge)
                          0.00    0.00   clock network delay (ideal)
                  0.15    0.00    0.00 ^ _145_/CLK (sky130_fd_sc_hd__dfxtp_2)
     5    0.01    0.04    0.38    0.38 v _145_/Q (sky130_fd_sc_hd__dfxtp_2)
                                         display_module.counter[1] (net)
                  0.04    0.00    0.38 v _085_/A (sky130_fd_sc_hd__or2_2)
     1    0.00    0.05    0.29    0.67 v _085_/X (sky130_fd_sc_hd__or2_2)
                                         _046_ (net)
                  0.05    0.00    0.67 v _087_/A (sky130_fd_sc_hd__and2_2)
     1    0.00    0.04    0.17    0.85 v _087_/X (sky130_fd_sc_hd__and2_2)
                                         _048_ (net)
                  0.04    0.00    0.85 v _088_/A (sky130_fd_sc_hd__buf_1)
     1    0.00    0.02    0.08    0.93 v _088_/X (sky130_fd_sc_hd__buf_1)
                                         _001_ (net)
                  0.02    0.00    0.93 v _145_/D (sky130_fd_sc_hd__dfxtp_2)
                                  0.93   data arrival time

                  0.15   10.00   10.00   clock clk (rise edge)
                          0.00   10.00   clock network delay (ideal)
                         -0.25    9.75   clock uncertainty
                          0.00    9.75   clock reconvergence pessimism
                                  9.75 ^ _145_/CLK (sky130_fd_sc_hd__dfxtp_2)
                         -0.08    9.67   library setup time
                                  9.67   data required time
-----------------------------------------------------------------------------
                                  9.67   data required time
                                 -0.93   data arrival time
-----------------------------------------------------------------------------
                                  8.74   slack (MET)


Startpoint: _146_ (rising edge-triggered flip-flop clocked by clk)
Endpoint: _148_ (rising edge-triggered flip-flop clocked by clk)
Path Group: clk
Path Type: max

Fanout     Cap    Slew   Delay    Time   Description
-----------------------------------------------------------------------------
                  0.15    0.00    0.00   clock clk (rise edge)
                          0.00    0.00   clock network delay (ideal)
                  0.15    0.00    0.00 ^ _146_/CLK (sky130_fd_sc_hd__dfxtp_2)
     4    0.02    0.09    0.41    0.41 ^ _146_/Q (sky130_fd_sc_hd__dfxtp_2)
                                         display_module.counter[2] (net)
                  0.09    0.00    0.41 ^ _090_/D (sky130_fd_sc_hd__and4_2)
     5    0.02    0.13    0.32    0.73 ^ _090_/X (sky130_fd_sc_hd__and4_2)
                                         _049_ (net)
                  0.13    0.00    0.73 ^ _094_/B (sky130_fd_sc_hd__xor2_2)
     1    0.00    0.08    0.13    0.87 ^ _094_/X (sky130_fd_sc_hd__xor2_2)
                                         _004_ (net)
                  0.08    0.00    0.87 ^ _148_/D (sky130_fd_sc_hd__dfxtp_2)
                                  0.87   data arrival time

                  0.15   10.00   10.00   clock clk (rise edge)
                          0.00   10.00   clock network delay (ideal)
                         -0.25    9.75   clock uncertainty
                          0.00    9.75   clock reconvergence pessimism
                                  9.75 ^ _148_/CLK (sky130_fd_sc_hd__dfxtp_2)
                         -0.05    9.70   library setup time
                                  9.70   data required time
-----------------------------------------------------------------------------
                                  9.70   data required time
                                 -0.87   data arrival time
-----------------------------------------------------------------------------
                                  8.83   slack (MET)


Startpoint: _144_ (rising edge-triggered flip-flop clocked by clk)
Endpoint: _146_ (rising edge-triggered flip-flop clocked by clk)
Path Group: clk
Path Type: max

Fanout     Cap    Slew   Delay    Time   Description
-----------------------------------------------------------------------------
                  0.15    0.00    0.00   clock clk (rise edge)
                          0.00    0.00   clock network delay (ideal)
                  0.15    0.00    0.00 ^ _144_/CLK (sky130_fd_sc_hd__dfxtp_2)
     6    0.02    0.10    0.42    0.42 ^ _144_/Q (sky130_fd_sc_hd__dfxtp_2)
                                         display_module.counter[0] (net)
                  0.10    0.00    0.42 ^ _086_/B (sky130_fd_sc_hd__nand2_2)
     2    0.01    0.05    0.08    0.50 v _086_/Y (sky130_fd_sc_hd__nand2_2)
                                         _047_ (net)
                  0.05    0.00    0.50 v _089_/B (sky130_fd_sc_hd__xnor2_2)
     1    0.00    0.04    0.13    0.63 v _089_/Y (sky130_fd_sc_hd__xnor2_2)
                                         _002_ (net)
                  0.04    0.00    0.63 v _146_/D (sky130_fd_sc_hd__dfxtp_2)
                                  0.63   data arrival time

                  0.15   10.00   10.00   clock clk (rise edge)
                          0.00   10.00   clock network delay (ideal)
                         -0.25    9.75   clock uncertainty
                          0.00    9.75   clock reconvergence pessimism
                                  9.75 ^ _146_/CLK (sky130_fd_sc_hd__dfxtp_2)
                         -0.09    9.66   library setup time
                                  9.66   data required time
-----------------------------------------------------------------------------
                                  9.66   data required time
                                 -0.63   data arrival time
-----------------------------------------------------------------------------
                                  9.04   slack (MET)



worst slack corner Typical: 6.7657
